******************************************************************************
                  TI ARM Linker PC v5.1.5                      
******************************************************************************
>> Linked Mon Jan 01 20:26:03 2018

OUTPUT FILE NAME:   <FINALL.out>
ENTRY POINT SYMBOL: "_c_int00"  address: 00001a19


MEMORY CONFIGURATION

         name            origin    length      used     unused   attr    fill
----------------------  --------  ---------  --------  --------  ----  --------
  FLASH                 00000000   00040000  00002176  0003de8a  R  X
  SRAM                  20000000   00008000  000004b0  00007b50  RW X


SEGMENT ALLOCATION MAP

run origin  load origin   length   init length attrs members
----------  ----------- ---------- ----------- ----- -------
00000000    00000000    00002178   00002178    r-x
  00000000    00000000    0000026c   0000026c    r-- .intvecs
  0000026c    0000026c    00001c36   00001c36    r-x .text
  00001ea4    00001ea4    0000028c   0000028c    r-- .const
  00002130    00002130    00000048   00000048    r-- .cinit
20000000    20000000    000004b0   00000000    rw-
  20000000    20000000    0000026c   00000000    rw- .vtable
  2000026c    2000026c    00000200   00000000    rw- .stack
  2000046c    2000046c    00000028   00000000    rw- .data
  20000494    20000494    0000001c   00000000    rw- .bss


SECTION ALLOCATION MAP

 output                                  attributes/
section   page    origin      length       input sections
--------  ----  ----------  ----------   ----------------
.intvecs   0    00000000    0000026c     
                  00000000    0000026c     tm4c123gh6pm_startup_ccs.obj (.intvecs)

.init_array 
*          0    00000000    00000000     UNINITIALIZED

.text      0    0000026c    00001c36     
                  0000026c    00000d48     FINAL TEST.obj (.text)
                  00000fb4    00000136     rtsv7M4_T_le_v4SPD16_eabi.lib : fd_div_t2.obj (.text)
                  000010ea    00000132     driverlib.lib : gpio.obj (.text:GPIOPadConfigSet)
                  0000121c    00000110                   : sysctl.obj (.text:SysCtlClockGet)
                  0000132c    000000fc     rtsv7M4_T_le_v4SPD16_eabi.lib : fd_mul_t2.obj (.text)
                  00001428    000000f4     driverlib.lib : sysctl.obj (.text:SysCtlClockSet)
                  0000151c    0000009c     rtsv7M4_T_le_v4SPD16_eabi.lib : memcpy_t2.obj (.text)
                  000015b8    00000094                                   : auto_init.obj (.text)
                  0000164c    0000007a     driverlib.lib : adc.obj (.text:ADCSequenceStepConfigure)
                  000016c6    00000002     --HOLE-- [fill = 0]
                  000016c8    00000068                   : interrupt.obj (.text:IntEnable)
                  00001730    00000060                   : timer.obj (.text:TimerConfigure)
                  00001790    0000005e     rtsv7M4_T_le_v4SPD16_eabi.lib : copy_decompress_rle.obj (.text)
                  000017ee    00000002     --HOLE-- [fill = 0]
                  000017f0    00000058     driverlib.lib : timer.obj (.text:TimerControlTrigger)
                  00001848    00000050                   : adc.obj (.text:ADCSequenceConfigure)
                  00001898    00000050                   : sysctl.obj (.text:SysCtlPeripheralReset)
                  000018e8    00000050                   : adc.obj (.text:_ADCIntNumberGet)
                  00001938    0000004c                   : timer.obj (.text:_TimerIntNumberGet)
                  00001984    0000004a     rtsv7M4_T_le_v4SPD16_eabi.lib : fd_tos_t2.obj (.text)
                  000019ce    00000002     --HOLE-- [fill = 0]
                  000019d0    00000048     driverlib.lib : gpio.obj (.text:GPIOPinConfigure)
                  00001a18    00000048     rtsv7M4_T_le_v4SPD16_eabi.lib : boot.obj (.text)
                  00001a60    00000048                                   : fd_toi_t2.obj (.text)
                  00001aa8    00000046     driverlib.lib : uart.obj (.text:UARTConfigSetExpClk)
                  00001aee    00000002     --HOLE-- [fill = 0]
                  00001af0    00000044     rtsv7M4_T_le_v4SPD16_eabi.lib : cpy_tbl.obj (.text)
                  00001b34    00000044                                   : exit.obj (.text)
                  00001b78    00000040     driverlib.lib : uart.obj (.text:_UARTIntNumberGet)
                  00001bb8    00000034                   : interrupt.obj (.text:IntRegister)
                  00001bec    00000034                   : sysctl.obj (.text:SysCtlPeripheralEnable)
                  00001c20    0000002a                   : gpio.obj (.text:GPIODirModeSet)
                  00001c4a    00000002     --HOLE-- [fill = 0]
                  00001c4c    00000020                   : uart.obj (.text:UARTDisable)
                  00001c6c    00000020     rtsv7M4_T_le_v4SPD16_eabi.lib : u_tofd_t2.obj (.text)
                  00001c8c    0000001e     driverlib.lib : adc.obj (.text:ADCSequenceDataGet)
                  00001caa    00000018                   : adc.obj (.text:ADCIntRegister)
                  00001cc2    00000018                   : adc.obj (.text:ADCProcessorTrigger)
                  00001cda    00000018                   : gpio.obj (.text:GPIOPinTypeGPIOOutput)
                  00001cf2    00000018                   : timer.obj (.text:TimerIntRegister)
                  00001d0a    00000018                   : uart.obj (.text:UARTIntRegister)
                  00001d22    00000002     --HOLE-- [fill = 0]
                  00001d24    00000018     rtsv7M4_T_le_v4SPD16_eabi.lib : args_main.obj (.text)
                  00001d3c    00000014     driverlib.lib : uart.obj (.text:UARTEnable)
                  00001d50    00000014     rtsv7M4_T_le_v4SPD16_eabi.lib : _lock.obj (.text)
                  00001d64    00000012     driverlib.lib : gpio.obj (.text:GPIOPinTypeADC)
                  00001d76    00000012                   : gpio.obj (.text:GPIOPinTypeGPIOInput)
                  00001d88    00000012                   : gpio.obj (.text:GPIOPinTypeUART)
                  00001d9a    00000012                   : timer.obj (.text:TimerLoadSet)
                  00001dac    00000012     rtsv7M4_T_le_v4SPD16_eabi.lib : copy_zero_init.obj (.text:decompress:ZI)
                  00001dbe    00000010     driverlib.lib : adc.obj (.text:ADCIntEnable)
                  00001dce    00000010                   : interrupt.obj (.text:IntMasterEnable)
                  00001dde    0000000e                   : adc.obj (.text:ADCSequenceDisable)
                  00001dec    0000000e                   : adc.obj (.text:ADCSequenceEnable)
                  00001dfa    0000000e                   : timer.obj (.text:TimerEnable)
                  00001e08    0000000e                   : uart.obj (.text:UARTCharGetNonBlocking)
                  00001e16    0000000e                   : uart.obj (.text:UARTCharsAvail)
                  00001e24    0000000e     rtsv7M4_T_le_v4SPD16_eabi.lib : copy_decompress_none.obj (.text:decompress:none)
                  00001e32    0000000c     driverlib.lib : cpu.obj (.text:CPUcpsie)
                  00001e3e    0000000c     tm4c123gh6pm_startup_ccs.obj (.text)
                  00001e4a    0000000a     driverlib.lib : adc.obj (.text:ADCIntClear)
                  00001e54    0000000a                   : timer.obj (.text:TimerValueGet)
                  00001e5e    0000000a                   : uart.obj (.text:UARTCharPut)
                  00001e68    0000000a                   : uart.obj (.text:UARTIntStatus)
                  00001e72    00000008                   : timer.obj (.text:TimerIntEnable)
                  00001e7a    00000008                   : uart.obj (.text:UARTIntEnable)
                  00001e82    00000006                   : gpio.obj (.text:GPIOPinRead)
                  00001e88    00000006                   : gpio.obj (.text:GPIOPinWrite)
                  00001e8e    00000006                   : sysctl.obj (.text:SysCtlDelay)
                  00001e94    00000006     rtsv7M4_T_le_v4SPD16_eabi.lib : copy_decompress_rle.obj (.text:decompress:rle24)
                  00001e9a    00000004     driverlib.lib : timer.obj (.text:TimerIntClear)
                  00001e9e    00000004                   : uart.obj (.text:UARTIntClear)

.const     0    00001ea4    0000028c     
                  00001ea4    00000090     driverlib.lib : gpio.obj (.const:g_pui32GPIOBaseAddrs)
                  00001f34    00000070                   : interrupt.obj (.const)
                  00001fa4    0000006c                   : sysctl.obj (.const:g_pui32Xtals)
                  00002010    00000060                   : timer.obj (.const:g_ppui32TimerIntMap)
                  00002070    00000040                   : timer.obj (.const:g_ppui32TimerIntMapSnowflake)
                  000020b0    00000040                   : uart.obj (.const:g_ppui32UARTIntMap)
                  000020f0    00000040                   : uart.obj (.const:g_ppui32UARTIntMapSnowflake)

.cinit     0    00002130    00000048     
                  00002130    00000012     (.cinit..data.load) [load image, compression = rle]
                  00002142    00000002     --HOLE-- [fill = 0]
                  00002144    0000000c     (__TI_handler_table)
                  00002150    00000008     (.cinit..bss.load) [load image, compression = zero_init]
                  00002158    00000008     (.cinit..vtable.load) [load image, compression = zero_init]
                  00002160    00000018     (__TI_cinit_table)

.vtable    0    20000000    0000026c     UNINITIALIZED
                  20000000    0000026c     driverlib.lib : interrupt.obj (.vtable)

.stack     0    2000026c    00000200     UNINITIALIZED
                  2000026c    00000200     --HOLE--

.data      0    2000046c    00000028     UNINITIALIZED
                  2000046c    00000014     FINAL TEST.obj (.data)
                  20000480    00000008     rtsv7M4_T_le_v4SPD16_eabi.lib : _lock.obj (.data)
                  20000488    00000008                                   : exit.obj (.data)
                  20000490    00000004                                   : stkdepth_vars.obj (.data)

.bss       0    20000494    0000001c     UNINITIALIZED
                  20000494    00000014     (.common:Portsaat)
                  200004a8    00000008     (.common:bas)


LINKER GENERATED COPY TABLES

__TI_cinit_table @ 00002160 records: 3, size/record: 8, table size: 24
	.data: load addr=00002130, load size=00000012 bytes, run addr=2000046c, run size=00000028 bytes, compression=rle
	.bss: load addr=00002150, load size=00000008 bytes, run addr=20000494, run size=0000001c bytes, compression=zero_init
	.vtable: load addr=00002158, load size=00000008 bytes, run addr=20000000, run size=0000026c bytes, compression=zero_init


LINKER GENERATED HANDLER TABLE

__TI_handler_table @ 00002144 records: 3, size/record: 4, table size: 12
	index: 0, handler: __TI_zero_init
	index: 1, handler: __TI_decompress_rle24
	index: 2, handler: __TI_decompress_none


GLOBAL SYMBOLS: SORTED ALPHABETICALLY BY Name 

address    name
--------   ----
00001e4b   ADCIntClear
00001dbf   ADCIntEnable
00001cab   ADCIntRegister
00001cc3   ADCProcessorTrigger
00001849   ADCSequenceConfigure
00001c8d   ADCSequenceDataGet
00001ddf   ADCSequenceDisable
00001ded   ADCSequenceEnable
0000164d   ADCSequenceStepConfigure
00001b35   C$$EXIT
00001e33   CPUcpsie
00001c21   GPIODirModeSet
000010eb   GPIOPadConfigSet
000019d1   GPIOPinConfigure
00001e83   GPIOPinRead
00001d65   GPIOPinTypeADC
00001d77   GPIOPinTypeGPIOInput
00001cdb   GPIOPinTypeGPIOOutput
00001d89   GPIOPinTypeUART
00001e89   GPIOPinWrite
0000071d   INTTempSERI
000009d9   INT_chrono_Temp
000016c9   IntEnable
00001dcf   IntMasterEnable
00001bb9   IntRegister
20000494   Portsaat
00001e3f   ResetISR
UNDEFED    SHT$$INIT_ARRAY$$Base
UNDEFED    SHT$$INIT_ARRAY$$Limit
0000121d   SysCtlClockGet
00001429   SysCtlClockSet
00001e8f   SysCtlDelay
00001bed   SysCtlPeripheralEnable
00001899   SysCtlPeripheralReset
000005f9   Timer0K
00001731   TimerConfigure
000017f1   TimerControlTrigger
00001dfb   TimerEnable
00001e9b   TimerIntClear
00001e73   TimerIntEnable
00001cf3   TimerIntRegister
00001d9b   TimerLoadSet
00001e55   TimerValueGet
00001e09   UARTCharGetNonBlocking
00001e5f   UARTCharPut
00001e17   UARTCharsAvail
00001aa9   UARTConfigSetExpClk
00001c4d   UARTDisable
00001d3d   UARTEnable
00001e9f   UARTIntClear
00001e7b   UARTIntEnable
00001d0b   UARTIntRegister
00001e69   UARTIntStatus
2000046c   __STACK_END
00000200   __STACK_SIZE
2000046c   __STACK_TOP
00002160   __TI_CINIT_Base
00002178   __TI_CINIT_Limit
00002144   __TI_Handler_Table_Base
00002150   __TI_Handler_Table_Limit
00000001   __TI_args_main
000015b9   __TI_auto_init
20000488   __TI_cleanup_ptr
00001e25   __TI_decompress_none
00001e95   __TI_decompress_rle24
2000048c   __TI_dtors_ptr
00000000   __TI_static_base__
00001dad   __TI_zero_init
00001985   __aeabi_d2f
00001a61   __aeabi_d2iz
00000fb5   __aeabi_ddiv
0000132d   __aeabi_dmul
0000151d   __aeabi_memcpy
0000151d   __aeabi_memcpy4
0000151d   __aeabi_memcpy8
00001c6d   __aeabi_ui2d
ffffffff   __binit__
ffffffff   __c_args__
2000026c   __stack
00001d25   _args_main
00001a19   _c_int00
20000480   _lock
00001d5f   _nop
00001d57   _register_lock
00001d51   _register_unlock
20000484   _unlock
00001b39   abort
200004a8   bas
ffffffff   binit
00001af1   copy_in
20000474   da_sa
20000478   dakika
00001b41   exit
20000000   g_pfnRAMVectors
00000000   g_pfnVectors
0000080d   has_Temp_SerialPort
00000eb1   has_lcd_4bitsetup
00000519   has_lcd_chronometer
000008bd   has_lcd_chronometre_Temp
00000ce5   has_lcd_erase
00000e5d   has_lcd_position
00000d31   has_lcd_sendchar
00000dc5   has_lcd_sendcommand
00000bf5   has_lcd_switchwrite
00000cf7   has_lcd_write
000003b5   has_serialPort_Clock_and_string_write
0000026d   main
20000490   main_func_sp
0000151d   memcpy
20000470   saat
2000047c   saniye
2000046c   sayac
0000041f   serikesme


GLOBAL SYMBOLS: SORTED BY Symbol Address 

address    name
--------   ----
00000000   __TI_static_base__
00000000   g_pfnVectors
00000001   __TI_args_main
00000200   __STACK_SIZE
0000026d   main
000003b5   has_serialPort_Clock_and_string_write
0000041f   serikesme
00000519   has_lcd_chronometer
000005f9   Timer0K
0000071d   INTTempSERI
0000080d   has_Temp_SerialPort
000008bd   has_lcd_chronometre_Temp
000009d9   INT_chrono_Temp
00000bf5   has_lcd_switchwrite
00000ce5   has_lcd_erase
00000cf7   has_lcd_write
00000d31   has_lcd_sendchar
00000dc5   has_lcd_sendcommand
00000e5d   has_lcd_position
00000eb1   has_lcd_4bitsetup
00000fb5   __aeabi_ddiv
000010eb   GPIOPadConfigSet
0000121d   SysCtlClockGet
0000132d   __aeabi_dmul
00001429   SysCtlClockSet
0000151d   __aeabi_memcpy
0000151d   __aeabi_memcpy4
0000151d   __aeabi_memcpy8
0000151d   memcpy
000015b9   __TI_auto_init
0000164d   ADCSequenceStepConfigure
000016c9   IntEnable
00001731   TimerConfigure
000017f1   TimerControlTrigger
00001849   ADCSequenceConfigure
00001899   SysCtlPeripheralReset
00001985   __aeabi_d2f
000019d1   GPIOPinConfigure
00001a19   _c_int00
00001a61   __aeabi_d2iz
00001aa9   UARTConfigSetExpClk
00001af1   copy_in
00001b35   C$$EXIT
00001b39   abort
00001b41   exit
00001bb9   IntRegister
00001bed   SysCtlPeripheralEnable
00001c21   GPIODirModeSet
00001c4d   UARTDisable
00001c6d   __aeabi_ui2d
00001c8d   ADCSequenceDataGet
00001cab   ADCIntRegister
00001cc3   ADCProcessorTrigger
00001cdb   GPIOPinTypeGPIOOutput
00001cf3   TimerIntRegister
00001d0b   UARTIntRegister
00001d25   _args_main
00001d3d   UARTEnable
00001d51   _register_unlock
00001d57   _register_lock
00001d5f   _nop
00001d65   GPIOPinTypeADC
00001d77   GPIOPinTypeGPIOInput
00001d89   GPIOPinTypeUART
00001d9b   TimerLoadSet
00001dad   __TI_zero_init
00001dbf   ADCIntEnable
00001dcf   IntMasterEnable
00001ddf   ADCSequenceDisable
00001ded   ADCSequenceEnable
00001dfb   TimerEnable
00001e09   UARTCharGetNonBlocking
00001e17   UARTCharsAvail
00001e25   __TI_decompress_none
00001e33   CPUcpsie
00001e3f   ResetISR
00001e4b   ADCIntClear
00001e55   TimerValueGet
00001e5f   UARTCharPut
00001e69   UARTIntStatus
00001e73   TimerIntEnable
00001e7b   UARTIntEnable
00001e83   GPIOPinRead
00001e89   GPIOPinWrite
00001e8f   SysCtlDelay
00001e95   __TI_decompress_rle24
00001e9b   TimerIntClear
00001e9f   UARTIntClear
00002144   __TI_Handler_Table_Base
00002150   __TI_Handler_Table_Limit
00002160   __TI_CINIT_Base
00002178   __TI_CINIT_Limit
20000000   g_pfnRAMVectors
2000026c   __stack
2000046c   __STACK_END
2000046c   __STACK_TOP
2000046c   sayac
20000470   saat
20000474   da_sa
20000478   dakika
2000047c   saniye
20000480   _lock
20000484   _unlock
20000488   __TI_cleanup_ptr
2000048c   __TI_dtors_ptr
20000490   main_func_sp
20000494   Portsaat
200004a8   bas
ffffffff   __binit__
ffffffff   __c_args__
ffffffff   binit
UNDEFED    SHT$$INIT_ARRAY$$Base
UNDEFED    SHT$$INIT_ARRAY$$Limit

[113 symbols]
