******************************************************************************
                  TI ARM Linker PC v5.1.5                      
******************************************************************************
>> Linked Wed Aug 22 01:52:46 2018

OUTPUT FILE NAME:   <FINALL2.out>
ENTRY POINT SYMBOL: "_c_int00"  address: 00000a8d


MEMORY CONFIGURATION

         name            origin    length      used     unused   attr    fill
----------------------  --------  ---------  --------  --------  ----  --------
  FLASH                 00000000   00040000  000010a6  0003ef5a  R  X
  SRAM                  20000000   00008000  000004a0  00007b60  RW X


SEGMENT ALLOCATION MAP

run origin  load origin   length   init length attrs members
----------  ----------- ---------- ----------- ----- -------
00000000    00000000    000010a8   000010a8    r-x
  00000000    00000000    0000026c   0000026c    r-- .intvecs
  0000026c    0000026c    00000b66   00000b66    r-x .text
  00000dd4    00000dd4    0000028c   0000028c    r-- .const
  00001060    00001060    00000048   00000048    r-- .cinit
20000000    20000000    000004a0   00000000    rw-
  20000000    20000000    0000026c   00000000    rw- .vtable
  2000026c    2000026c    00000200   00000000    rw- .stack
  2000046c    2000046c    00000028   00000000    rw- .data
  20000494    20000494    0000000c   00000000    rw- .bss


SECTION ALLOCATION MAP

 output                                  attributes/
section   page    origin      length       input sections
--------  ----  ----------  ----------   ----------------
.intvecs   0    00000000    0000026c     
                  00000000    0000026c     tm4c123gh6pm_startup_ccs.obj (.intvecs)

.init_array 
*          0    00000000    00000000     UNINITIALIZED

.text      0    0000026c    00000b66     
                  0000026c    000001fc     FINAL222222222222TEST.obj (.text)
                  00000468    00000132     driverlib.lib : gpio.obj (.text:GPIOPadConfigSet)
                  0000059a    00000002     --HOLE-- [fill = 0]
                  0000059c    00000110                   : sysctl.obj (.text:SysCtlClockGet)
                  000006ac    000000f4                   : sysctl.obj (.text:SysCtlClockSet)
                  000007a0    0000009c     rtsv7M4_T_le_v4SPD16_eabi.lib : memcpy_t2.obj (.text)
                  0000083c    00000094                                   : auto_init.obj (.text)
                  000008d0    00000068     driverlib.lib : interrupt.obj (.text:IntEnable)
                  00000938    00000060                   : timer.obj (.text:TimerConfigure)
                  00000998    0000005e     rtsv7M4_T_le_v4SPD16_eabi.lib : copy_decompress_rle.obj (.text)
                  000009f6    00000002     --HOLE-- [fill = 0]
                  000009f8    0000004c     driverlib.lib : timer.obj (.text:_TimerIntNumberGet)
                  00000a44    00000048                   : gpio.obj (.text:GPIOPinConfigure)
                  00000a8c    00000048     rtsv7M4_T_le_v4SPD16_eabi.lib : boot.obj (.text)
                  00000ad4    00000046     driverlib.lib : uart.obj (.text:UARTConfigSetExpClk)
                  00000b1a    00000002     --HOLE-- [fill = 0]
                  00000b1c    00000044     rtsv7M4_T_le_v4SPD16_eabi.lib : cpy_tbl.obj (.text)
                  00000b60    00000044                                   : exit.obj (.text)
                  00000ba4    00000040     driverlib.lib : uart.obj (.text:_UARTIntNumberGet)
                  00000be4    00000034                   : interrupt.obj (.text:IntRegister)
                  00000c18    00000034                   : sysctl.obj (.text:SysCtlPeripheralEnable)
                  00000c4c    0000002a                   : gpio.obj (.text:GPIODirModeSet)
                  00000c76    00000002     --HOLE-- [fill = 0]
                  00000c78    00000020                   : uart.obj (.text:UARTDisable)
                  00000c98    00000018                   : timer.obj (.text:TimerIntRegister)
                  00000cb0    00000018                   : uart.obj (.text:UARTIntRegister)
                  00000cc8    00000018     rtsv7M4_T_le_v4SPD16_eabi.lib : args_main.obj (.text)
                  00000ce0    00000014     driverlib.lib : uart.obj (.text:UARTEnable)
                  00000cf4    00000014     rtsv7M4_T_le_v4SPD16_eabi.lib : _lock.obj (.text)
                  00000d08    00000012     driverlib.lib : gpio.obj (.text:GPIOPinTypeUART)
                  00000d1a    00000012                   : timer.obj (.text:TimerLoadSet)
                  00000d2c    00000012     rtsv7M4_T_le_v4SPD16_eabi.lib : copy_zero_init.obj (.text:decompress:ZI)
                  00000d3e    00000010     driverlib.lib : interrupt.obj (.text:IntMasterEnable)
                  00000d4e    0000000e                   : timer.obj (.text:TimerEnable)
                  00000d5c    0000000e                   : uart.obj (.text:UARTCharsAvail)
                  00000d6a    0000000e     rtsv7M4_T_le_v4SPD16_eabi.lib : copy_decompress_none.obj (.text:decompress:none)
                  00000d78    0000000c     driverlib.lib : cpu.obj (.text:CPUcpsie)
                  00000d84    0000000c     tm4c123gh6pm_startup_ccs.obj (.text)
                  00000d90    0000000a     driverlib.lib : uart.obj (.text:UARTCharGet)
                  00000d9a    0000000a                   : uart.obj (.text:UARTCharPut)
                  00000da4    0000000a                   : uart.obj (.text:UARTIntStatus)
                  00000dae    00000008                   : timer.obj (.text:TimerIntEnable)
                  00000db6    00000008                   : uart.obj (.text:UARTIntEnable)
                  00000dbe    00000006                   : sysctl.obj (.text:SysCtlDelay)
                  00000dc4    00000006     rtsv7M4_T_le_v4SPD16_eabi.lib : copy_decompress_rle.obj (.text:decompress:rle24)
                  00000dca    00000004     driverlib.lib : timer.obj (.text:TimerIntClear)
                  00000dce    00000004                   : uart.obj (.text:UARTIntClear)

.const     0    00000dd4    0000028c     
                  00000dd4    00000090     driverlib.lib : gpio.obj (.const:g_pui32GPIOBaseAddrs)
                  00000e64    00000070                   : interrupt.obj (.const)
                  00000ed4    0000006c                   : sysctl.obj (.const:g_pui32Xtals)
                  00000f40    00000060                   : timer.obj (.const:g_ppui32TimerIntMap)
                  00000fa0    00000040                   : timer.obj (.const:g_ppui32TimerIntMapSnowflake)
                  00000fe0    00000040                   : uart.obj (.const:g_ppui32UARTIntMap)
                  00001020    00000040                   : uart.obj (.const:g_ppui32UARTIntMapSnowflake)

.cinit     0    00001060    00000048     
                  00001060    00000012     (.cinit..data.load) [load image, compression = rle]
                  00001072    00000002     --HOLE-- [fill = 0]
                  00001074    0000000c     (__TI_handler_table)
                  00001080    00000008     (.cinit..bss.load) [load image, compression = zero_init]
                  00001088    00000008     (.cinit..vtable.load) [load image, compression = zero_init]
                  00001090    00000018     (__TI_cinit_table)

.vtable    0    20000000    0000026c     UNINITIALIZED
                  20000000    0000026c     driverlib.lib : interrupt.obj (.vtable)

.stack     0    2000026c    00000200     UNINITIALIZED
                  2000026c    00000200     --HOLE--

.data      0    2000046c    00000028     UNINITIALIZED
                  2000046c    00000014     FINAL222222222222TEST.obj (.data)
                  20000480    00000008     rtsv7M4_T_le_v4SPD16_eabi.lib : _lock.obj (.data)
                  20000488    00000008                                   : exit.obj (.data)
                  20000490    00000004                                   : stkdepth_vars.obj (.data)

.bss       0    20000494    0000000c     UNINITIALIZED
                  20000494    00000008     (.common:saat)
                  2000049c    00000004     (.common:gelenveri)


LINKER GENERATED COPY TABLES

__TI_cinit_table @ 00001090 records: 3, size/record: 8, table size: 24
	.data: load addr=00001060, load size=00000012 bytes, run addr=2000046c, run size=00000028 bytes, compression=rle
	.bss: load addr=00001080, load size=00000008 bytes, run addr=20000494, run size=0000000c bytes, compression=zero_init
	.vtable: load addr=00001088, load size=00000008 bytes, run addr=20000000, run size=0000026c bytes, compression=zero_init


LINKER GENERATED HANDLER TABLE

__TI_handler_table @ 00001074 records: 3, size/record: 4, table size: 12
	index: 0, handler: __TI_zero_init
	index: 1, handler: __TI_decompress_rle24
	index: 2, handler: __TI_decompress_none


GLOBAL SYMBOLS: SORTED ALPHABETICALLY BY Name 

address    name
--------   ----
00000b61   C$$EXIT
00000d79   CPUcpsie
00000c4d   GPIODirModeSet
00000469   GPIOPadConfigSet
00000a45   GPIOPinConfigure
00000d09   GPIOPinTypeUART
000008d1   IntEnable
00000d3f   IntMasterEnable
00000be5   IntRegister
00000d85   ResetISR
UNDEFED    SHT$$INIT_ARRAY$$Base
UNDEFED    SHT$$INIT_ARRAY$$Limit
0000059d   SysCtlClockGet
000006ad   SysCtlClockSet
00000dbf   SysCtlDelay
00000c19   SysCtlPeripheralEnable
00000939   TimerConfigure
00000d4f   TimerEnable
00000dcb   TimerIntClear
00000daf   TimerIntEnable
00000c99   TimerIntRegister
00000d1b   TimerLoadSet
00000d91   UARTCharGet
00000d9b   UARTCharPut
00000d5d   UARTCharsAvail
00000ad5   UARTConfigSetExpClk
00000c79   UARTDisable
00000ce1   UARTEnable
00000dcf   UARTIntClear
00000db7   UARTIntEnable
00000cb1   UARTIntRegister
00000da5   UARTIntStatus
0000026d   Ukesme
2000046c   __STACK_END
00000200   __STACK_SIZE
2000046c   __STACK_TOP
00001090   __TI_CINIT_Base
000010a8   __TI_CINIT_Limit
00001074   __TI_Handler_Table_Base
00001080   __TI_Handler_Table_Limit
00000001   __TI_args_main
0000083d   __TI_auto_init
20000488   __TI_cleanup_ptr
00000d6b   __TI_decompress_none
00000dc5   __TI_decompress_rle24
2000048c   __TI_dtors_ptr
00000000   __TI_static_base__
00000d2d   __TI_zero_init
000007a1   __aeabi_memcpy
000007a1   __aeabi_memcpy4
000007a1   __aeabi_memcpy8
ffffffff   __binit__
ffffffff   __c_args__
2000026c   __stack
00000cc9   _args_main
00000a8d   _c_int00
20000480   _lock
00000d03   _nop
00000cfb   _register_lock
00000cf5   _register_unlock
20000484   _unlock
00000b65   abort
ffffffff   binit
00000b1d   copy_in
20000474   dakika
00000b6d   exit
20000000   g_pfnRAMVectors
00000000   g_pfnVectors
2000049c   gelenveri
20000470   i
2000047c   j
00000379   main
20000490   main_func_sp
000007a1   memcpy
20000494   saat
20000478   saniye
2000046c   sayac
000002cb   timerkesme


GLOBAL SYMBOLS: SORTED BY Symbol Address 

address    name
--------   ----
00000000   __TI_static_base__
00000000   g_pfnVectors
00000001   __TI_args_main
00000200   __STACK_SIZE
0000026d   Ukesme
000002cb   timerkesme
00000379   main
00000469   GPIOPadConfigSet
0000059d   SysCtlClockGet
000006ad   SysCtlClockSet
000007a1   __aeabi_memcpy
000007a1   __aeabi_memcpy4
000007a1   __aeabi_memcpy8
000007a1   memcpy
0000083d   __TI_auto_init
000008d1   IntEnable
00000939   TimerConfigure
00000a45   GPIOPinConfigure
00000a8d   _c_int00
00000ad5   UARTConfigSetExpClk
00000b1d   copy_in
00000b61   C$$EXIT
00000b65   abort
00000b6d   exit
00000be5   IntRegister
00000c19   SysCtlPeripheralEnable
00000c4d   GPIODirModeSet
00000c79   UARTDisable
00000c99   TimerIntRegister
00000cb1   UARTIntRegister
00000cc9   _args_main
00000ce1   UARTEnable
00000cf5   _register_unlock
00000cfb   _register_lock
00000d03   _nop
00000d09   GPIOPinTypeUART
00000d1b   TimerLoadSet
00000d2d   __TI_zero_init
00000d3f   IntMasterEnable
00000d4f   TimerEnable
00000d5d   UARTCharsAvail
00000d6b   __TI_decompress_none
00000d79   CPUcpsie
00000d85   ResetISR
00000d91   UARTCharGet
00000d9b   UARTCharPut
00000da5   UARTIntStatus
00000daf   TimerIntEnable
00000db7   UARTIntEnable
00000dbf   SysCtlDelay
00000dc5   __TI_decompress_rle24
00000dcb   TimerIntClear
00000dcf   UARTIntClear
00001074   __TI_Handler_Table_Base
00001080   __TI_Handler_Table_Limit
00001090   __TI_CINIT_Base
000010a8   __TI_CINIT_Limit
20000000   g_pfnRAMVectors
2000026c   __stack
2000046c   __STACK_END
2000046c   __STACK_TOP
2000046c   sayac
20000470   i
20000474   dakika
20000478   saniye
2000047c   j
20000480   _lock
20000484   _unlock
20000488   __TI_cleanup_ptr
2000048c   __TI_dtors_ptr
20000490   main_func_sp
20000494   saat
2000049c   gelenveri
ffffffff   __binit__
ffffffff   __c_args__
ffffffff   binit
UNDEFED    SHT$$INIT_ARRAY$$Base
UNDEFED    SHT$$INIT_ARRAY$$Limit

[78 symbols]
