******************************************************************************
                  TI ARM Linker PC v5.1.5                      
******************************************************************************
>> Linked Wed Aug 22 21:45:49 2018

OUTPUT FILE NAME:   <LCD FULL NEWWW.out>
ENTRY POINT SYMBOL: "_c_int00"  address: 00001ca1


MEMORY CONFIGURATION

         name            origin    length      used     unused   attr    fill
----------------------  --------  ---------  --------  --------  ----  --------
  FLASH                 00000000   00040000  000025ce  0003da32  R  X
  SRAM                  20000000   00008000  000004b8  00007b48  RW X


SEGMENT ALLOCATION MAP

run origin  load origin   length   init length attrs members
----------  ----------- ---------- ----------- ----- -------
00000000    00000000    000025d0   000025d0    r-x
  00000000    00000000    0000026c   0000026c    r-- .intvecs
  0000026c    0000026c    00001eee   00001eee    r-x .text
  0000215c    0000215c    00000424   00000424    r-- .const
  00002580    00002580    00000050   00000050    r-- .cinit
20000000    20000000    000004b8   00000000    rw-
  20000000    20000000    0000026c   00000000    rw- .vtable
  2000026c    2000026c    00000200   00000000    rw- .stack
  2000046c    2000046c    00000030   00000000    rw- .data
  2000049c    2000049c    0000001c   00000000    rw- .bss


SECTION ALLOCATION MAP

 output                                  attributes/
section   page    origin      length       input sections
--------  ----  ----------  ----------   ----------------
.intvecs   0    00000000    0000026c     
                  00000000    0000026c     tm4c123gh6pm_startup_ccs.obj (.intvecs)

.init_array 
*          0    00000000    00000000     UNINITIALIZED

.text      0    0000026c    00001eee     
                  0000026c    00000f78     HASLCD.obj (.text)
                  000011e4    00000136     rtsv7M4_T_le_v4SPD16_eabi.lib : fd_div_t2.obj (.text)
                  0000131a    00000132     driverlib.lib : gpio.obj (.text:GPIOPadConfigSet)
                  0000144c    00000110                   : sysctl.obj (.text:SysCtlClockGet)
                  0000155c    000000fc     rtsv7M4_T_le_v4SPD16_eabi.lib : fd_mul_t2.obj (.text)
                  00001658    000000f4     driverlib.lib : sysctl.obj (.text:SysCtlClockSet)
                  0000174c    0000009c     rtsv7M4_T_le_v4SPD16_eabi.lib : memcpy_t2.obj (.text)
                  000017e8    00000094                                   : auto_init.obj (.text)
                  0000187c    0000007a     driverlib.lib : adc.obj (.text:ADCSequenceStepConfigure)
                  000018f6    00000002     --HOLE-- [fill = 0]
                  000018f8    00000068                   : interrupt.obj (.text:IntEnable)
                  00001960    00000060                   : timer.obj (.text:TimerConfigure)
                  000019c0    0000005e     rtsv7M4_T_le_v4SPD16_eabi.lib : copy_decompress_rle.obj (.text)
                  00001a1e    00000002     --HOLE-- [fill = 0]
                  00001a20    00000058     driverlib.lib : timer.obj (.text:TimerControlTrigger)
                  00001a78    00000056                   : gpio.obj (.text:GPIOIntTypeSet)
                  00001ace    00000050                   : adc.obj (.text:ADCSequenceConfigure)
                  00001b1e    00000002     --HOLE-- [fill = 0]
                  00001b20    00000050                   : sysctl.obj (.text:SysCtlPeripheralReset)
                  00001b70    00000050                   : adc.obj (.text:_ADCIntNumberGet)
                  00001bc0    0000004c                   : timer.obj (.text:_TimerIntNumberGet)
                  00001c0c    0000004a     rtsv7M4_T_le_v4SPD16_eabi.lib : fd_tos_t2.obj (.text)
                  00001c56    00000002     --HOLE-- [fill = 0]
                  00001c58    00000048     driverlib.lib : gpio.obj (.text:GPIOPinConfigure)
                  00001ca0    00000048     rtsv7M4_T_le_v4SPD16_eabi.lib : boot.obj (.text)
                  00001ce8    00000046     driverlib.lib : uart.obj (.text:UARTConfigSetExpClk)
                  00001d2e    00000002     --HOLE-- [fill = 0]
                  00001d30    00000044                   : gpio.obj (.text:_GPIOIntNumberGet)
                  00001d74    00000044     rtsv7M4_T_le_v4SPD16_eabi.lib : cpy_tbl.obj (.text)
                  00001db8    00000044                                   : exit.obj (.text)
                  00001dfc    00000040     driverlib.lib : uart.obj (.text:_UARTIntNumberGet)
                  00001e3c    00000034                   : interrupt.obj (.text:IntRegister)
                  00001e70    00000034                   : sysctl.obj (.text:SysCtlPeripheralEnable)
                  00001ea4    0000002a                   : gpio.obj (.text:GPIODirModeSet)
                  00001ece    00000002     --HOLE-- [fill = 0]
                  00001ed0    00000020                   : uart.obj (.text:UARTDisable)
                  00001ef0    00000020     rtsv7M4_T_le_v4SPD16_eabi.lib : u_tofd_t2.obj (.text)
                  00001f10    0000001e     driverlib.lib : adc.obj (.text:ADCSequenceDataGet)
                  00001f2e    00000018                   : adc.obj (.text:ADCIntRegister)
                  00001f46    00000018                   : adc.obj (.text:ADCProcessorTrigger)
                  00001f5e    00000018                   : gpio.obj (.text:GPIOIntRegister)
                  00001f76    00000018                   : gpio.obj (.text:GPIOPinTypeGPIOOutput)
                  00001f8e    00000018                   : timer.obj (.text:TimerIntRegister)
                  00001fa6    00000018                   : uart.obj (.text:UARTIntRegister)
                  00001fbe    00000002     --HOLE-- [fill = 0]
                  00001fc0    00000018     rtsv7M4_T_le_v4SPD16_eabi.lib : args_main.obj (.text)
                  00001fd8    00000014     NEW.obj (.text)
                  00001fec    00000014     driverlib.lib : uart.obj (.text:UARTEnable)
                  00002000    00000014     rtsv7M4_T_le_v4SPD16_eabi.lib : _lock.obj (.text)
                  00002014    00000012     driverlib.lib : gpio.obj (.text:GPIOPinTypeADC)
                  00002026    00000012                   : gpio.obj (.text:GPIOPinTypeGPIOInput)
                  00002038    00000012                   : gpio.obj (.text:GPIOPinTypeUART)
                  0000204a    00000012                   : timer.obj (.text:TimerLoadSet)
                  0000205c    00000012     rtsv7M4_T_le_v4SPD16_eabi.lib : copy_zero_init.obj (.text:decompress:ZI)
                  0000206e    00000010     driverlib.lib : adc.obj (.text:ADCIntEnable)
                  0000207e    00000010                   : interrupt.obj (.text:IntMasterEnable)
                  0000208e    0000000e                   : adc.obj (.text:ADCSequenceDisable)
                  0000209c    0000000e                   : adc.obj (.text:ADCSequenceEnable)
                  000020aa    0000000e                   : timer.obj (.text:TimerEnable)
                  000020b8    0000000e                   : uart.obj (.text:UARTCharGetNonBlocking)
                  000020c6    0000000e                   : uart.obj (.text:UARTCharsAvail)
                  000020d4    0000000e     rtsv7M4_T_le_v4SPD16_eabi.lib : copy_decompress_none.obj (.text:decompress:none)
                  000020e2    0000000c     driverlib.lib : cpu.obj (.text:CPUcpsie)
                  000020ee    0000000c                   : gpio.obj (.text:GPIOIntEnable)
                  000020fa    0000000c     tm4c123gh6pm_startup_ccs.obj (.text)
                  00002106    0000000a     driverlib.lib : adc.obj (.text:ADCIntClear)
                  00002110    0000000a                   : uart.obj (.text:UARTCharPut)
                  0000211a    0000000a                   : uart.obj (.text:UARTIntStatus)
                  00002124    00000008                   : timer.obj (.text:TimerIntEnable)
                  0000212c    00000008                   : uart.obj (.text:UARTIntEnable)
                  00002134    00000006                   : gpio.obj (.text:GPIOIntClear)
                  0000213a    00000006                   : gpio.obj (.text:GPIOPinRead)
                  00002140    00000006                   : gpio.obj (.text:GPIOPinWrite)
                  00002146    00000006                   : sysctl.obj (.text:SysCtlDelay)
                  0000214c    00000006     rtsv7M4_T_le_v4SPD16_eabi.lib : copy_decompress_rle.obj (.text:decompress:rle24)
                  00002152    00000004     driverlib.lib : timer.obj (.text:TimerIntClear)
                  00002156    00000004                   : uart.obj (.text:UARTIntClear)

.const     0    0000215c    00000424     
                  0000215c    000000d8     driverlib.lib : gpio.obj (.const:g_ppui32GPIOIntMapSnowflake)
                  00002234    000000c0                   : gpio.obj (.const:g_ppui32GPIOIntMapBlizzard)
                  000022f4    00000090                   : gpio.obj (.const:g_pui32GPIOBaseAddrs)
                  00002384    00000070                   : interrupt.obj (.const)
                  000023f4    0000006c                   : sysctl.obj (.const:g_pui32Xtals)
                  00002460    00000060                   : timer.obj (.const:g_ppui32TimerIntMap)
                  000024c0    00000040                   : timer.obj (.const:g_ppui32TimerIntMapSnowflake)
                  00002500    00000040                   : uart.obj (.const:g_ppui32UARTIntMap)
                  00002540    00000040                   : uart.obj (.const:g_ppui32UARTIntMapSnowflake)

.cinit     0    00002580    00000050     
                  00002580    00000016     (.cinit..data.load) [load image, compression = rle]
                  00002596    00000002     --HOLE-- [fill = 0]
                  00002598    0000000c     (__TI_handler_table)
                  000025a4    00000004     --HOLE-- [fill = 0]
                  000025a8    00000008     (.cinit..bss.load) [load image, compression = zero_init]
                  000025b0    00000008     (.cinit..vtable.load) [load image, compression = zero_init]
                  000025b8    00000018     (__TI_cinit_table)

.vtable    0    20000000    0000026c     UNINITIALIZED
                  20000000    0000026c     driverlib.lib : interrupt.obj (.vtable)

.stack     0    2000026c    00000200     UNINITIALIZED
                  2000026c    00000200     --HOLE--

.data      0    2000046c    00000030     UNINITIALIZED
                  2000046c    0000001c     HASLCD.obj (.data)
                  20000488    00000008     rtsv7M4_T_le_v4SPD16_eabi.lib : _lock.obj (.data)
                  20000490    00000008                                   : exit.obj (.data)
                  20000498    00000004                                   : stkdepth_vars.obj (.data)

.bss       0    2000049c    0000001c     UNINITIALIZED
                  2000049c    00000014     (.common:Portsaat)
                  200004b0    00000008     (.common:bas)


LINKER GENERATED COPY TABLES

__TI_cinit_table @ 000025b8 records: 3, size/record: 8, table size: 24
	.data: load addr=00002580, load size=00000016 bytes, run addr=2000046c, run size=00000030 bytes, compression=rle
	.bss: load addr=000025a8, load size=00000008 bytes, run addr=2000049c, run size=0000001c bytes, compression=zero_init
	.vtable: load addr=000025b0, load size=00000008 bytes, run addr=20000000, run size=0000026c bytes, compression=zero_init


LINKER GENERATED HANDLER TABLE

__TI_handler_table @ 00002598 records: 3, size/record: 4, table size: 12
	index: 0, handler: __TI_zero_init
	index: 1, handler: __TI_decompress_rle24
	index: 2, handler: __TI_decompress_none


GLOBAL SYMBOLS: SORTED ALPHABETICALLY BY Name 

address    name
--------   ----
00002107   ADCIntClear
0000206f   ADCIntEnable
00001f2f   ADCIntRegister
00001f47   ADCProcessorTrigger
00001acf   ADCSequenceConfigure
00001f11   ADCSequenceDataGet
0000208f   ADCSequenceDisable
0000209d   ADCSequenceEnable
0000187d   ADCSequenceStepConfigure
00001db9   C$$EXIT
000020e3   CPUcpsie
00001ea5   GPIODirModeSet
00002135   GPIOIntClear
000020ef   GPIOIntEnable
00001f5f   GPIOIntRegister
00001a79   GPIOIntTypeSet
0000131b   GPIOPadConfigSet
00001c59   GPIOPinConfigure
0000213b   GPIOPinRead
00002015   GPIOPinTypeADC
00002027   GPIOPinTypeGPIOInput
00001f77   GPIOPinTypeGPIOOutput
00002039   GPIOPinTypeUART
00002141   GPIOPinWrite
00000c51   INTTemp
00000785   INTTempSERI
00000a31   INT_chrono_Temp
0000033f   INTosil
000018f9   IntEnable
0000207f   IntMasterEnable
00001e3d   IntRegister
2000049c   Portsaat
000020fb   ResetISR
UNDEFED    SHT$$INIT_ARRAY$$Base
UNDEFED    SHT$$INIT_ARRAY$$Limit
0000144d   SysCtlClockGet
00001659   SysCtlClockSet
00002147   SysCtlDelay
00001e71   SysCtlPeripheralEnable
00001b21   SysCtlPeripheralReset
00000661   Timer0K
00001961   TimerConfigure
00001a21   TimerControlTrigger
000020ab   TimerEnable
00002153   TimerIntClear
00002125   TimerIntEnable
00001f8f   TimerIntRegister
0000204b   TimerLoadSet
000020b9   UARTCharGetNonBlocking
00002111   UARTCharPut
000020c7   UARTCharsAvail
00001ce9   UARTConfigSetExpClk
00001ed1   UARTDisable
00001fed   UARTEnable
00002157   UARTIntClear
0000212d   UARTIntEnable
00001fa7   UARTIntRegister
0000211b   UARTIntStatus
2000046c   __STACK_END
00000200   __STACK_SIZE
2000046c   __STACK_TOP
000025b8   __TI_CINIT_Base
000025d0   __TI_CINIT_Limit
00002598   __TI_Handler_Table_Base
000025a4   __TI_Handler_Table_Limit
00000001   __TI_args_main
000017e9   __TI_auto_init
20000490   __TI_cleanup_ptr
000020d5   __TI_decompress_none
0000214d   __TI_decompress_rle24
20000494   __TI_dtors_ptr
00000000   __TI_static_base__
0000205d   __TI_zero_init
00001c0d   __aeabi_d2f
000011e5   __aeabi_ddiv
0000155d   __aeabi_dmul
0000174d   __aeabi_memcpy
0000174d   __aeabi_memcpy4
0000174d   __aeabi_memcpy8
00001ef1   __aeabi_ui2d
ffffffff   __binit__
ffffffff   __c_args__
2000026c   __stack
00001fc1   _args_main
00001ca1   _c_int00
20000488   _lock
0000200f   _nop
00002007   _register_lock
00002001   _register_unlock
2000048c   _unlock
00001dbd   abort
200004b0   bas
ffffffff   binit
00001d75   copy_in
20000474   da_sa
20000478   dakika
20000484   delay
00001dc5   exit
20000000   g_pfnRAMVectors
00000000   g_pfnVectors
00000875   has_Temp_SerialPort
00000d3b   has_Templcd
000010e5   has_lcd_4bitsetup
00000595   has_lcd_chronometer
00000929   has_lcd_chronometre_Temp
00000f19   has_lcd_erase
0000108b   has_lcd_position
00000f71   has_lcd_sendchar
00001005   has_lcd_sendcommand
00000e25   has_lcd_switchwrite
00000f2b   has_lcd_write
0000026d   has_osil
00000429   has_serialPort_Clock_and_string_write
00001fd9   main
20000498   main_func_sp
0000174d   memcpy
20000470   saat
2000047c   saniye
2000046c   sayac
00000493   serikesme
20000480   t


GLOBAL SYMBOLS: SORTED BY Symbol Address 

address    name
--------   ----
00000000   __TI_static_base__
00000000   g_pfnVectors
00000001   __TI_args_main
00000200   __STACK_SIZE
0000026d   has_osil
0000033f   INTosil
00000429   has_serialPort_Clock_and_string_write
00000493   serikesme
00000595   has_lcd_chronometer
00000661   Timer0K
00000785   INTTempSERI
00000875   has_Temp_SerialPort
00000929   has_lcd_chronometre_Temp
00000a31   INT_chrono_Temp
00000c51   INTTemp
00000d3b   has_Templcd
00000e25   has_lcd_switchwrite
00000f19   has_lcd_erase
00000f2b   has_lcd_write
00000f71   has_lcd_sendchar
00001005   has_lcd_sendcommand
0000108b   has_lcd_position
000010e5   has_lcd_4bitsetup
000011e5   __aeabi_ddiv
0000131b   GPIOPadConfigSet
0000144d   SysCtlClockGet
0000155d   __aeabi_dmul
00001659   SysCtlClockSet
0000174d   __aeabi_memcpy
0000174d   __aeabi_memcpy4
0000174d   __aeabi_memcpy8
0000174d   memcpy
000017e9   __TI_auto_init
0000187d   ADCSequenceStepConfigure
000018f9   IntEnable
00001961   TimerConfigure
00001a21   TimerControlTrigger
00001a79   GPIOIntTypeSet
00001acf   ADCSequenceConfigure
00001b21   SysCtlPeripheralReset
00001c0d   __aeabi_d2f
00001c59   GPIOPinConfigure
00001ca1   _c_int00
00001ce9   UARTConfigSetExpClk
00001d75   copy_in
00001db9   C$$EXIT
00001dbd   abort
00001dc5   exit
00001e3d   IntRegister
00001e71   SysCtlPeripheralEnable
00001ea5   GPIODirModeSet
00001ed1   UARTDisable
00001ef1   __aeabi_ui2d
00001f11   ADCSequenceDataGet
00001f2f   ADCIntRegister
00001f47   ADCProcessorTrigger
00001f5f   GPIOIntRegister
00001f77   GPIOPinTypeGPIOOutput
00001f8f   TimerIntRegister
00001fa7   UARTIntRegister
00001fc1   _args_main
00001fd9   main
00001fed   UARTEnable
00002001   _register_unlock
00002007   _register_lock
0000200f   _nop
00002015   GPIOPinTypeADC
00002027   GPIOPinTypeGPIOInput
00002039   GPIOPinTypeUART
0000204b   TimerLoadSet
0000205d   __TI_zero_init
0000206f   ADCIntEnable
0000207f   IntMasterEnable
0000208f   ADCSequenceDisable
0000209d   ADCSequenceEnable
000020ab   TimerEnable
000020b9   UARTCharGetNonBlocking
000020c7   UARTCharsAvail
000020d5   __TI_decompress_none
000020e3   CPUcpsie
000020ef   GPIOIntEnable
000020fb   ResetISR
00002107   ADCIntClear
00002111   UARTCharPut
0000211b   UARTIntStatus
00002125   TimerIntEnable
0000212d   UARTIntEnable
00002135   GPIOIntClear
0000213b   GPIOPinRead
00002141   GPIOPinWrite
00002147   SysCtlDelay
0000214d   __TI_decompress_rle24
00002153   TimerIntClear
00002157   UARTIntClear
00002598   __TI_Handler_Table_Base
000025a4   __TI_Handler_Table_Limit
000025b8   __TI_CINIT_Base
000025d0   __TI_CINIT_Limit
20000000   g_pfnRAMVectors
2000026c   __stack
2000046c   __STACK_END
2000046c   __STACK_TOP
2000046c   sayac
20000470   saat
20000474   da_sa
20000478   dakika
2000047c   saniye
20000480   t
20000484   delay
20000488   _lock
2000048c   _unlock
20000490   __TI_cleanup_ptr
20000494   __TI_dtors_ptr
20000498   main_func_sp
2000049c   Portsaat
200004b0   bas
ffffffff   __binit__
ffffffff   __c_args__
ffffffff   binit
UNDEFED    SHT$$INIT_ARRAY$$Base
UNDEFED    SHT$$INIT_ARRAY$$Limit

[121 symbols]
