******************************************************************************
                  TI ARM Linker PC v5.1.5                      
******************************************************************************
>> Linked Sun Dec 17 18:55:39 2017

OUTPUT FILE NAME:   <LCD+SERiPORT.out>
ENTRY POINT SYMBOL: "_c_int00"  address: 000018c5


MEMORY CONFIGURATION

         name            origin    length      used     unused   attr    fill
----------------------  --------  ---------  --------  --------  ----  --------
  FLASH                 00000000   00040000  00001fd0  0003e030  R  X
  SRAM                  20000000   00008000  000004b0  00007b50  RW X


SEGMENT ALLOCATION MAP

run origin  load origin   length   init length attrs members
----------  ----------- ---------- ----------- ----- -------
00000000    00000000    00001fd0   00001fd0    r-x
  00000000    00000000    0000026c   0000026c    r-- .intvecs
  0000026c    0000026c    00001a90   00001a90    r-x .text
  00001cfc    00001cfc    0000028c   0000028c    r-- .const
  00001f88    00001f88    00000048   00000048    r-- .cinit
20000000    20000000    000004b0   00000000    rw-
  20000000    20000000    0000026c   00000000    rw- .vtable
  2000026c    2000026c    00000200   00000000    rw- .stack
  2000046c    2000046c    00000028   00000000    rw- .data
  20000494    20000494    0000001c   00000000    rw- .bss


SECTION ALLOCATION MAP

 output                                  attributes/
section   page    origin      length       input sections
--------  ----  ----------  ----------   ----------------
.intvecs   0    00000000    0000026c     
                  00000000    0000026c     tm4c123gh6pm_startup_ccs.obj (.intvecs)

.init_array 
*          0    00000000    00000000     UNINITIALIZED

.text      0    0000026c    00001a90     
                  0000026c    00000bf4     LCDSeriPort.obj (.text)
                  00000e60    00000136     rtsv7M4_T_le_v4SPD16_eabi.lib : fd_div_t2.obj (.text)
                  00000f96    00000132     driverlib.lib : gpio.obj (.text:GPIOPadConfigSet)
                  000010c8    00000110                   : sysctl.obj (.text:SysCtlClockGet)
                  000011d8    000000fc     rtsv7M4_T_le_v4SPD16_eabi.lib : fd_mul_t2.obj (.text)
                  000012d4    000000f4     driverlib.lib : sysctl.obj (.text:SysCtlClockSet)
                  000013c8    0000009c     rtsv7M4_T_le_v4SPD16_eabi.lib : memcpy_t2.obj (.text)
                  00001464    00000094                                   : auto_init.obj (.text)
                  000014f8    0000007a     driverlib.lib : adc.obj (.text:ADCSequenceStepConfigure)
                  00001572    00000002     --HOLE-- [fill = 0]
                  00001574    00000068                   : interrupt.obj (.text:IntEnable)
                  000015dc    00000060                   : timer.obj (.text:TimerConfigure)
                  0000163c    0000005e     rtsv7M4_T_le_v4SPD16_eabi.lib : copy_decompress_rle.obj (.text)
                  0000169a    00000002     --HOLE-- [fill = 0]
                  0000169c    00000058     driverlib.lib : timer.obj (.text:TimerControlTrigger)
                  000016f4    00000050                   : adc.obj (.text:ADCSequenceConfigure)
                  00001744    00000050                   : sysctl.obj (.text:SysCtlPeripheralReset)
                  00001794    00000050                   : adc.obj (.text:_ADCIntNumberGet)
                  000017e4    0000004c                   : timer.obj (.text:_TimerIntNumberGet)
                  00001830    0000004a     rtsv7M4_T_le_v4SPD16_eabi.lib : fd_tos_t2.obj (.text)
                  0000187a    00000002     --HOLE-- [fill = 0]
                  0000187c    00000048     driverlib.lib : gpio.obj (.text:GPIOPinConfigure)
                  000018c4    00000048     rtsv7M4_T_le_v4SPD16_eabi.lib : boot.obj (.text)
                  0000190c    00000046     driverlib.lib : uart.obj (.text:UARTConfigSetExpClk)
                  00001952    00000002     --HOLE-- [fill = 0]
                  00001954    00000044     rtsv7M4_T_le_v4SPD16_eabi.lib : cpy_tbl.obj (.text)
                  00001998    00000044                                   : exit.obj (.text)
                  000019dc    00000040     driverlib.lib : uart.obj (.text:_UARTIntNumberGet)
                  00001a1c    00000034                   : interrupt.obj (.text:IntRegister)
                  00001a50    00000034                   : sysctl.obj (.text:SysCtlPeripheralEnable)
                  00001a84    0000002a                   : gpio.obj (.text:GPIODirModeSet)
                  00001aae    00000002     --HOLE-- [fill = 0]
                  00001ab0    00000020                   : uart.obj (.text:UARTDisable)
                  00001ad0    00000020     rtsv7M4_T_le_v4SPD16_eabi.lib : u_tofd_t2.obj (.text)
                  00001af0    0000001e     driverlib.lib : adc.obj (.text:ADCSequenceDataGet)
                  00001b0e    00000018                   : adc.obj (.text:ADCIntRegister)
                  00001b26    00000018                   : adc.obj (.text:ADCProcessorTrigger)
                  00001b3e    00000018                   : gpio.obj (.text:GPIOPinTypeGPIOOutput)
                  00001b56    00000018                   : timer.obj (.text:TimerIntRegister)
                  00001b6e    00000018                   : uart.obj (.text:UARTIntRegister)
                  00001b86    00000002     --HOLE-- [fill = 0]
                  00001b88    00000018     rtsv7M4_T_le_v4SPD16_eabi.lib : args_main.obj (.text)
                  00001ba0    00000014     driverlib.lib : uart.obj (.text:UARTEnable)
                  00001bb4    00000014     rtsv7M4_T_le_v4SPD16_eabi.lib : _lock.obj (.text)
                  00001bc8    00000012     driverlib.lib : gpio.obj (.text:GPIOPinTypeADC)
                  00001bda    00000012                   : gpio.obj (.text:GPIOPinTypeGPIOInput)
                  00001bec    00000012                   : gpio.obj (.text:GPIOPinTypeUART)
                  00001bfe    00000012                   : timer.obj (.text:TimerLoadSet)
                  00001c10    00000012     rtsv7M4_T_le_v4SPD16_eabi.lib : copy_zero_init.obj (.text:decompress:ZI)
                  00001c22    00000010     driverlib.lib : adc.obj (.text:ADCIntEnable)
                  00001c32    00000010                   : interrupt.obj (.text:IntMasterEnable)
                  00001c42    0000000e                   : adc.obj (.text:ADCSequenceDisable)
                  00001c50    0000000e                   : adc.obj (.text:ADCSequenceEnable)
                  00001c5e    0000000e                   : timer.obj (.text:TimerEnable)
                  00001c6c    0000000e                   : uart.obj (.text:UARTCharGetNonBlocking)
                  00001c7a    0000000e                   : uart.obj (.text:UARTCharsAvail)
                  00001c88    0000000e     rtsv7M4_T_le_v4SPD16_eabi.lib : copy_decompress_none.obj (.text:decompress:none)
                  00001c96    0000000c     driverlib.lib : cpu.obj (.text:CPUcpsie)
                  00001ca2    0000000c     tm4c123gh6pm_startup_ccs.obj (.text)
                  00001cae    0000000a     driverlib.lib : adc.obj (.text:ADCIntClear)
                  00001cb8    0000000a                   : uart.obj (.text:UARTCharPut)
                  00001cc2    0000000a                   : uart.obj (.text:UARTIntStatus)
                  00001ccc    00000008                   : timer.obj (.text:TimerIntEnable)
                  00001cd4    00000008                   : uart.obj (.text:UARTIntEnable)
                  00001cdc    00000006                   : gpio.obj (.text:GPIOPinRead)
                  00001ce2    00000006                   : gpio.obj (.text:GPIOPinWrite)
                  00001ce8    00000006                   : sysctl.obj (.text:SysCtlDelay)
                  00001cee    00000006     rtsv7M4_T_le_v4SPD16_eabi.lib : copy_decompress_rle.obj (.text:decompress:rle24)
                  00001cf4    00000004     driverlib.lib : timer.obj (.text:TimerIntClear)
                  00001cf8    00000004                   : uart.obj (.text:UARTIntClear)

.const     0    00001cfc    0000028c     
                  00001cfc    00000090     driverlib.lib : gpio.obj (.const:g_pui32GPIOBaseAddrs)
                  00001d8c    00000070                   : interrupt.obj (.const)
                  00001dfc    0000006c                   : sysctl.obj (.const:g_pui32Xtals)
                  00001e68    00000060                   : timer.obj (.const:g_ppui32TimerIntMap)
                  00001ec8    00000040                   : timer.obj (.const:g_ppui32TimerIntMapSnowflake)
                  00001f08    00000040                   : uart.obj (.const:g_ppui32UARTIntMap)
                  00001f48    00000040                   : uart.obj (.const:g_ppui32UARTIntMapSnowflake)

.cinit     0    00001f88    00000048     
                  00001f88    00000012     (.cinit..data.load) [load image, compression = rle]
                  00001f9a    00000002     --HOLE-- [fill = 0]
                  00001f9c    0000000c     (__TI_handler_table)
                  00001fa8    00000008     (.cinit..bss.load) [load image, compression = zero_init]
                  00001fb0    00000008     (.cinit..vtable.load) [load image, compression = zero_init]
                  00001fb8    00000018     (__TI_cinit_table)

.vtable    0    20000000    0000026c     UNINITIALIZED
                  20000000    0000026c     driverlib.lib : interrupt.obj (.vtable)

.stack     0    2000026c    00000200     UNINITIALIZED
                  2000026c    00000200     --HOLE--

.data      0    2000046c    00000028     UNINITIALIZED
                  2000046c    00000014     LCDSeriPort.obj (.data)
                  20000480    00000008     rtsv7M4_T_le_v4SPD16_eabi.lib : _lock.obj (.data)
                  20000488    00000008                                   : exit.obj (.data)
                  20000490    00000004                                   : stkdepth_vars.obj (.data)

.bss       0    20000494    0000001c     UNINITIALIZED
                  20000494    00000014     (.common:Portsaat)
                  200004a8    00000008     (.common:bas)


LINKER GENERATED COPY TABLES

__TI_cinit_table @ 00001fb8 records: 3, size/record: 8, table size: 24
	.data: load addr=00001f88, load size=00000012 bytes, run addr=2000046c, run size=00000028 bytes, compression=rle
	.bss: load addr=00001fa8, load size=00000008 bytes, run addr=20000494, run size=0000001c bytes, compression=zero_init
	.vtable: load addr=00001fb0, load size=00000008 bytes, run addr=20000000, run size=0000026c bytes, compression=zero_init


LINKER GENERATED HANDLER TABLE

__TI_handler_table @ 00001f9c records: 3, size/record: 4, table size: 12
	index: 0, handler: __TI_zero_init
	index: 1, handler: __TI_decompress_rle24
	index: 2, handler: __TI_decompress_none


GLOBAL SYMBOLS: SORTED ALPHABETICALLY BY Name 

address    name
--------   ----
00001caf   ADCIntClear
00001c23   ADCIntEnable
00001b0f   ADCIntRegister
00001b27   ADCProcessorTrigger
000016f5   ADCSequenceConfigure
00001af1   ADCSequenceDataGet
00001c43   ADCSequenceDisable
00001c51   ADCSequenceEnable
000014f9   ADCSequenceStepConfigure
00001999   C$$EXIT
00001c97   CPUcpsie
00001a85   GPIODirModeSet
00000f97   GPIOPadConfigSet
0000187d   GPIOPinConfigure
00001cdd   GPIOPinRead
00001bc9   GPIOPinTypeADC
00001bdb   GPIOPinTypeGPIOInput
00001b3f   GPIOPinTypeGPIOOutput
00001bed   GPIOPinTypeUART
00001ce3   GPIOPinWrite
000005c5   INTTempSERI
00000885   INT_chrono_Temp
00001575   IntEnable
00001c33   IntMasterEnable
00001a1d   IntRegister
20000494   Portsaat
00001ca3   ResetISR
UNDEFED    SHT$$INIT_ARRAY$$Base
UNDEFED    SHT$$INIT_ARRAY$$Limit
000010c9   SysCtlClockGet
000012d5   SysCtlClockSet
00001ce9   SysCtlDelay
00001a51   SysCtlPeripheralEnable
00001745   SysCtlPeripheralReset
00000491   Timer0K
000015dd   TimerConfigure
0000169d   TimerControlTrigger
00001c5f   TimerEnable
00001cf5   TimerIntClear
00001ccd   TimerIntEnable
00001b57   TimerIntRegister
00001bff   TimerLoadSet
00001c6d   UARTCharGetNonBlocking
00001cb9   UARTCharPut
00001c7b   UARTCharsAvail
0000190d   UARTConfigSetExpClk
00001ab1   UARTDisable
00001ba1   UARTEnable
00001cf9   UARTIntClear
00001cd5   UARTIntEnable
00001b6f   UARTIntRegister
00001cc3   UARTIntStatus
2000046c   __STACK_END
00000200   __STACK_SIZE
2000046c   __STACK_TOP
00001fb8   __TI_CINIT_Base
00001fd0   __TI_CINIT_Limit
00001f9c   __TI_Handler_Table_Base
00001fa8   __TI_Handler_Table_Limit
00000001   __TI_args_main
00001465   __TI_auto_init
20000488   __TI_cleanup_ptr
00001c89   __TI_decompress_none
00001cef   __TI_decompress_rle24
2000048c   __TI_dtors_ptr
00000000   __TI_static_base__
00001c11   __TI_zero_init
00001831   __aeabi_d2f
00000e61   __aeabi_ddiv
000011d9   __aeabi_dmul
000013c9   __aeabi_memcpy
000013c9   __aeabi_memcpy4
000013c9   __aeabi_memcpy8
00001ad1   __aeabi_ui2d
ffffffff   __binit__
ffffffff   __c_args__
2000026c   __stack
00001b89   _args_main
000018c5   _c_int00
20000480   _lock
00001bc3   _nop
00001bbb   _register_lock
00001bb5   _register_unlock
20000484   _unlock
0000199d   abort
200004a8   bas
ffffffff   binit
00001955   copy_in
20000474   da_sa
20000478   dakika
000019a5   exit
20000000   g_pfnRAMVectors
00000000   g_pfnVectors
000006b5   has_Temp_SerialPort
00000d5d   has_lcd_4bitsetup
000003d1   has_lcd_chronometer
00000775   has_lcd_chronometre_Temp
00000b91   has_lcd_erase
00000d09   has_lcd_position
00000bdd   has_lcd_sendchar
00000c71   has_lcd_sendcommand
00000aa1   has_lcd_switchwrite
00000ba3   has_lcd_write
00000285   has_serialPort_Clock_and_string_write
0000026d   main
20000490   main_func_sp
000013c9   memcpy
20000470   saat
2000047c   saniye
2000046c   sayac
000002ef   serikesme


GLOBAL SYMBOLS: SORTED BY Symbol Address 

address    name
--------   ----
00000000   __TI_static_base__
00000000   g_pfnVectors
00000001   __TI_args_main
00000200   __STACK_SIZE
0000026d   main
00000285   has_serialPort_Clock_and_string_write
000002ef   serikesme
000003d1   has_lcd_chronometer
00000491   Timer0K
000005c5   INTTempSERI
000006b5   has_Temp_SerialPort
00000775   has_lcd_chronometre_Temp
00000885   INT_chrono_Temp
00000aa1   has_lcd_switchwrite
00000b91   has_lcd_erase
00000ba3   has_lcd_write
00000bdd   has_lcd_sendchar
00000c71   has_lcd_sendcommand
00000d09   has_lcd_position
00000d5d   has_lcd_4bitsetup
00000e61   __aeabi_ddiv
00000f97   GPIOPadConfigSet
000010c9   SysCtlClockGet
000011d9   __aeabi_dmul
000012d5   SysCtlClockSet
000013c9   __aeabi_memcpy
000013c9   __aeabi_memcpy4
000013c9   __aeabi_memcpy8
000013c9   memcpy
00001465   __TI_auto_init
000014f9   ADCSequenceStepConfigure
00001575   IntEnable
000015dd   TimerConfigure
0000169d   TimerControlTrigger
000016f5   ADCSequenceConfigure
00001745   SysCtlPeripheralReset
00001831   __aeabi_d2f
0000187d   GPIOPinConfigure
000018c5   _c_int00
0000190d   UARTConfigSetExpClk
00001955   copy_in
00001999   C$$EXIT
0000199d   abort
000019a5   exit
00001a1d   IntRegister
00001a51   SysCtlPeripheralEnable
00001a85   GPIODirModeSet
00001ab1   UARTDisable
00001ad1   __aeabi_ui2d
00001af1   ADCSequenceDataGet
00001b0f   ADCIntRegister
00001b27   ADCProcessorTrigger
00001b3f   GPIOPinTypeGPIOOutput
00001b57   TimerIntRegister
00001b6f   UARTIntRegister
00001b89   _args_main
00001ba1   UARTEnable
00001bb5   _register_unlock
00001bbb   _register_lock
00001bc3   _nop
00001bc9   GPIOPinTypeADC
00001bdb   GPIOPinTypeGPIOInput
00001bed   GPIOPinTypeUART
00001bff   TimerLoadSet
00001c11   __TI_zero_init
00001c23   ADCIntEnable
00001c33   IntMasterEnable
00001c43   ADCSequenceDisable
00001c51   ADCSequenceEnable
00001c5f   TimerEnable
00001c6d   UARTCharGetNonBlocking
00001c7b   UARTCharsAvail
00001c89   __TI_decompress_none
00001c97   CPUcpsie
00001ca3   ResetISR
00001caf   ADCIntClear
00001cb9   UARTCharPut
00001cc3   UARTIntStatus
00001ccd   TimerIntEnable
00001cd5   UARTIntEnable
00001cdd   GPIOPinRead
00001ce3   GPIOPinWrite
00001ce9   SysCtlDelay
00001cef   __TI_decompress_rle24
00001cf5   TimerIntClear
00001cf9   UARTIntClear
00001f9c   __TI_Handler_Table_Base
00001fa8   __TI_Handler_Table_Limit
00001fb8   __TI_CINIT_Base
00001fd0   __TI_CINIT_Limit
20000000   g_pfnRAMVectors
2000026c   __stack
2000046c   __STACK_END
2000046c   __STACK_TOP
2000046c   sayac
20000470   saat
20000474   da_sa
20000478   dakika
2000047c   saniye
20000480   _lock
20000484   _unlock
20000488   __TI_cleanup_ptr
2000048c   __TI_dtors_ptr
20000490   main_func_sp
20000494   Portsaat
200004a8   bas
ffffffff   __binit__
ffffffff   __c_args__
ffffffff   binit
UNDEFED    SHT$$INIT_ARRAY$$Base
UNDEFED    SHT$$INIT_ARRAY$$Limit

[111 symbols]
