<?xml version="1.0"?>
<link_info>
   <banner>TI ARM Linker PC v5.1.5</banner>
   <copyright>Copyright (c) 1996-2014 Texas Instruments Incorporated</copyright>
   <link_time>0x5a36937b</link_time>
   <link_errors>0x0</link_errors>
   <output_file>LCD+SERiPORT.out</output_file>
   <entry_point>
      <name>_c_int00</name>
      <address>0x18c5</address>
   </entry_point>
   <input_file_list>
      <input_file id="fl-2">
         <path>.\</path>
         <kind>object</kind>
         <file>tm4c123gh6pm_startup_ccs.obj</file>
         <name>tm4c123gh6pm_startup_ccs.obj</name>
      </input_file>
      <input_file id="fl-3">
         <path>.\</path>
         <kind>object</kind>
         <file>LCDSeriPort.obj</file>
         <name>LCDSeriPort.obj</name>
      </input_file>
      <input_file id="fl-131">
         <path>c:\ti\ccsv6\tools\compiler\arm_5.1.5\lib\</path>
         <kind>archive</kind>
         <file>rtsv7M4_T_le_v4SPD16_eabi.lib</file>
         <name>boot.obj</name>
      </input_file>
      <input_file id="fl-132">
         <path>c:\ti\ccsv6\tools\compiler\arm_5.1.5\lib\</path>
         <kind>archive</kind>
         <file>rtsv7M4_T_le_v4SPD16_eabi.lib</file>
         <name>copy_decompress_none.obj</name>
      </input_file>
      <input_file id="fl-133">
         <path>c:\ti\ccsv6\tools\compiler\arm_5.1.5\lib\</path>
         <kind>archive</kind>
         <file>rtsv7M4_T_le_v4SPD16_eabi.lib</file>
         <name>copy_decompress_rle.obj</name>
      </input_file>
      <input_file id="fl-134">
         <path>c:\ti\ccsv6\tools\compiler\arm_5.1.5\lib\</path>
         <kind>archive</kind>
         <file>rtsv7M4_T_le_v4SPD16_eabi.lib</file>
         <name>copy_zero_init.obj</name>
      </input_file>
      <input_file id="fl-135">
         <path>c:\ti\ccsv6\tools\compiler\arm_5.1.5\lib\</path>
         <kind>archive</kind>
         <file>rtsv7M4_T_le_v4SPD16_eabi.lib</file>
         <name>exit.obj</name>
      </input_file>
      <input_file id="fl-136">
         <path>c:\ti\ccsv6\tools\compiler\arm_5.1.5\lib\</path>
         <kind>archive</kind>
         <file>rtsv7M4_T_le_v4SPD16_eabi.lib</file>
         <name>fd_div_t2.obj</name>
      </input_file>
      <input_file id="fl-137">
         <path>c:\ti\ccsv6\tools\compiler\arm_5.1.5\lib\</path>
         <kind>archive</kind>
         <file>rtsv7M4_T_le_v4SPD16_eabi.lib</file>
         <name>fd_mul_t2.obj</name>
      </input_file>
      <input_file id="fl-138">
         <path>c:\ti\ccsv6\tools\compiler\arm_5.1.5\lib\</path>
         <kind>archive</kind>
         <file>rtsv7M4_T_le_v4SPD16_eabi.lib</file>
         <name>fd_tos_t2.obj</name>
      </input_file>
      <input_file id="fl-139">
         <path>c:\ti\ccsv6\tools\compiler\arm_5.1.5\lib\</path>
         <kind>archive</kind>
         <file>rtsv7M4_T_le_v4SPD16_eabi.lib</file>
         <name>memcpy_t2.obj</name>
      </input_file>
      <input_file id="fl-13a">
         <path>c:\ti\ccsv6\tools\compiler\arm_5.1.5\lib\</path>
         <kind>archive</kind>
         <file>rtsv7M4_T_le_v4SPD16_eabi.lib</file>
         <name>stkdepth_vars.obj</name>
      </input_file>
      <input_file id="fl-13b">
         <path>c:\ti\ccsv6\tools\compiler\arm_5.1.5\lib\</path>
         <kind>archive</kind>
         <file>rtsv7M4_T_le_v4SPD16_eabi.lib</file>
         <name>u_tofd_t2.obj</name>
      </input_file>
      <input_file id="fl-13c">
         <path>c:\ti\ccsv6\tools\compiler\arm_5.1.5\lib\</path>
         <kind>archive</kind>
         <file>rtsv7M4_T_le_v4SPD16_eabi.lib</file>
         <name>_lock.obj</name>
      </input_file>
      <input_file id="fl-13d">
         <path>c:\ti\ccsv6\tools\compiler\arm_5.1.5\lib\</path>
         <kind>archive</kind>
         <file>rtsv7M4_T_le_v4SPD16_eabi.lib</file>
         <name>args_main.obj</name>
      </input_file>
      <input_file id="fl-13e">
         <path>c:\ti\ccsv6\tools\compiler\arm_5.1.5\lib\</path>
         <kind>archive</kind>
         <file>rtsv7M4_T_le_v4SPD16_eabi.lib</file>
         <name>auto_init.obj</name>
      </input_file>
      <input_file id="fl-13f">
         <path>c:\ti\ccsv6\tools\compiler\arm_5.1.5\lib\</path>
         <kind>archive</kind>
         <file>rtsv7M4_T_le_v4SPD16_eabi.lib</file>
         <name>cpy_tbl.obj</name>
      </input_file>
      <input_file id="fl-140">
         <path>C:\ti\TivaWare_C_Series-2.1.4.178\driverlib\ccs\Debug\</path>
         <kind>archive</kind>
         <file>driverlib.lib</file>
         <name>adc.obj</name>
      </input_file>
      <input_file id="fl-141">
         <path>C:\ti\TivaWare_C_Series-2.1.4.178\driverlib\ccs\Debug\</path>
         <kind>archive</kind>
         <file>driverlib.lib</file>
         <name>gpio.obj</name>
      </input_file>
      <input_file id="fl-142">
         <path>C:\ti\TivaWare_C_Series-2.1.4.178\driverlib\ccs\Debug\</path>
         <kind>archive</kind>
         <file>driverlib.lib</file>
         <name>interrupt.obj</name>
      </input_file>
      <input_file id="fl-143">
         <path>C:\ti\TivaWare_C_Series-2.1.4.178\driverlib\ccs\Debug\</path>
         <kind>archive</kind>
         <file>driverlib.lib</file>
         <name>sysctl.obj</name>
      </input_file>
      <input_file id="fl-144">
         <path>C:\ti\TivaWare_C_Series-2.1.4.178\driverlib\ccs\Debug\</path>
         <kind>archive</kind>
         <file>driverlib.lib</file>
         <name>timer.obj</name>
      </input_file>
      <input_file id="fl-145">
         <path>C:\ti\TivaWare_C_Series-2.1.4.178\driverlib\ccs\Debug\</path>
         <kind>archive</kind>
         <file>driverlib.lib</file>
         <name>uart.obj</name>
      </input_file>
      <input_file id="fl-146">
         <path>C:\ti\TivaWare_C_Series-2.1.4.178\driverlib\ccs\Debug\</path>
         <kind>archive</kind>
         <file>driverlib.lib</file>
         <name>cpu.obj</name>
      </input_file>
   </input_file_list>
   <object_component_list>
      <object_component id="oc-e">
         <name>.intvecs</name>
         <load_address>0x0</load_address>
         <run_address>0x0</run_address>
         <size>0x26c</size>
         <input_file_ref idref="fl-2"/>
      </object_component>
      <object_component id="oc-69">
         <name>.text</name>
         <load_address>0x26c</load_address>
         <run_address>0x26c</run_address>
         <size>0xbf4</size>
         <input_file_ref idref="fl-3"/>
      </object_component>
      <object_component id="oc-10f">
         <name>.text</name>
         <load_address>0xe60</load_address>
         <run_address>0xe60</run_address>
         <size>0x136</size>
         <input_file_ref idref="fl-136"/>
      </object_component>
      <object_component id="oc-15b">
         <name>.text:GPIOPadConfigSet</name>
         <load_address>0xf96</load_address>
         <run_address>0xf96</run_address>
         <size>0x132</size>
         <input_file_ref idref="fl-141"/>
      </object_component>
      <object_component id="oc-ab">
         <name>.text:SysCtlClockGet</name>
         <load_address>0x10c8</load_address>
         <run_address>0x10c8</run_address>
         <size>0x110</size>
         <input_file_ref idref="fl-143"/>
      </object_component>
      <object_component id="oc-10b">
         <name>.text</name>
         <load_address>0x11d8</load_address>
         <run_address>0x11d8</run_address>
         <size>0xfc</size>
         <input_file_ref idref="fl-137"/>
      </object_component>
      <object_component id="oc-91">
         <name>.text:SysCtlClockSet</name>
         <load_address>0x12d4</load_address>
         <run_address>0x12d4</run_address>
         <size>0xf4</size>
         <input_file_ref idref="fl-143"/>
      </object_component>
      <object_component id="oc-3d">
         <name>.text</name>
         <load_address>0x13c8</load_address>
         <run_address>0x13c8</run_address>
         <size>0x9c</size>
         <input_file_ref idref="fl-139"/>
      </object_component>
      <object_component id="oc-2c">
         <name>.text</name>
         <load_address>0x1464</load_address>
         <run_address>0x1464</run_address>
         <size>0x94</size>
         <input_file_ref idref="fl-13e"/>
      </object_component>
      <object_component id="oc-132">
         <name>.text:ADCSequenceStepConfigure</name>
         <load_address>0x14f8</load_address>
         <run_address>0x14f8</run_address>
         <size>0x7a</size>
         <input_file_ref idref="fl-140"/>
      </object_component>
      <object_component id="oc-bf">
         <name>.text:IntEnable</name>
         <load_address>0x1574</load_address>
         <run_address>0x1574</run_address>
         <size>0x68</size>
         <input_file_ref idref="fl-142"/>
      </object_component>
      <object_component id="oc-dd">
         <name>.text:TimerConfigure</name>
         <load_address>0x15dc</load_address>
         <run_address>0x15dc</run_address>
         <size>0x60</size>
         <input_file_ref idref="fl-144"/>
      </object_component>
      <object_component id="oc-4f">
         <name>.text</name>
         <load_address>0x163c</load_address>
         <run_address>0x163c</run_address>
         <size>0x5e</size>
         <input_file_ref idref="fl-133"/>
      </object_component>
      <object_component id="oc-14e">
         <name>.text:TimerControlTrigger</name>
         <load_address>0x169c</load_address>
         <run_address>0x169c</run_address>
         <size>0x58</size>
         <input_file_ref idref="fl-144"/>
      </object_component>
      <object_component id="oc-12d">
         <name>.text:ADCSequenceConfigure</name>
         <load_address>0x16f4</load_address>
         <run_address>0x16f4</run_address>
         <size>0x50</size>
         <input_file_ref idref="fl-140"/>
      </object_component>
      <object_component id="oc-123">
         <name>.text:SysCtlPeripheralReset</name>
         <load_address>0x1744</load_address>
         <run_address>0x1744</run_address>
         <size>0x50</size>
         <input_file_ref idref="fl-143"/>
      </object_component>
      <object_component id="oc-1ea">
         <name>.text:_ADCIntNumberGet</name>
         <load_address>0x1794</load_address>
         <run_address>0x1794</run_address>
         <size>0x50</size>
         <input_file_ref idref="fl-140"/>
      </object_component>
      <object_component id="oc-1ca">
         <name>.text:_TimerIntNumberGet</name>
         <load_address>0x17e4</load_address>
         <run_address>0x17e4</run_address>
         <size>0x4c</size>
         <input_file_ref idref="fl-144"/>
      </object_component>
      <object_component id="oc-113">
         <name>.text</name>
         <load_address>0x1830</load_address>
         <run_address>0x1830</run_address>
         <size>0x4a</size>
         <input_file_ref idref="fl-138"/>
      </object_component>
      <object_component id="oc-9c">
         <name>.text:GPIOPinConfigure</name>
         <load_address>0x187c</load_address>
         <run_address>0x187c</run_address>
         <size>0x48</size>
         <input_file_ref idref="fl-141"/>
      </object_component>
      <object_component id="oc-10">
         <name>.text</name>
         <load_address>0x18c4</load_address>
         <run_address>0x18c4</run_address>
         <size>0x48</size>
         <input_file_ref idref="fl-131"/>
      </object_component>
      <object_component id="oc-b0">
         <name>.text:UARTConfigSetExpClk</name>
         <load_address>0x190c</load_address>
         <run_address>0x190c</run_address>
         <size>0x46</size>
         <input_file_ref idref="fl-145"/>
      </object_component>
      <object_component id="oc-63">
         <name>.text</name>
         <load_address>0x1954</load_address>
         <run_address>0x1954</run_address>
         <size>0x44</size>
         <input_file_ref idref="fl-13f"/>
      </object_component>
      <object_component id="oc-35">
         <name>.text</name>
         <load_address>0x1998</load_address>
         <run_address>0x1998</run_address>
         <size>0x44</size>
         <input_file_ref idref="fl-135"/>
      </object_component>
      <object_component id="oc-1a8">
         <name>.text:_UARTIntNumberGet</name>
         <load_address>0x19dc</load_address>
         <run_address>0x19dc</run_address>
         <size>0x40</size>
         <input_file_ref idref="fl-145"/>
      </object_component>
      <object_component id="oc-1ad">
         <name>.text:IntRegister</name>
         <load_address>0x1a1c</load_address>
         <run_address>0x1a1c</run_address>
         <size>0x34</size>
         <input_file_ref idref="fl-142"/>
      </object_component>
      <object_component id="oc-97">
         <name>.text:SysCtlPeripheralEnable</name>
         <load_address>0x1a50</load_address>
         <run_address>0x1a50</run_address>
         <size>0x34</size>
         <input_file_ref idref="fl-143"/>
      </object_component>
      <object_component id="oc-192">
         <name>.text:GPIODirModeSet</name>
         <load_address>0x1a84</load_address>
         <run_address>0x1a84</run_address>
         <size>0x2a</size>
         <input_file_ref idref="fl-141"/>
      </object_component>
      <object_component id="oc-19c">
         <name>.text:UARTDisable</name>
         <load_address>0x1ab0</load_address>
         <run_address>0x1ab0</run_address>
         <size>0x20</size>
         <input_file_ref idref="fl-145"/>
      </object_component>
      <object_component id="oc-107">
         <name>.text</name>
         <load_address>0x1ad0</load_address>
         <run_address>0x1ad0</run_address>
         <size>0x20</size>
         <input_file_ref idref="fl-13b"/>
      </object_component>
      <object_component id="oc-102">
         <name>.text:ADCSequenceDataGet</name>
         <load_address>0x1af0</load_address>
         <run_address>0x1af0</run_address>
         <size>0x1e</size>
         <input_file_ref idref="fl-140"/>
      </object_component>
      <object_component id="oc-13c">
         <name>.text:ADCIntRegister</name>
         <load_address>0x1b0e</load_address>
         <run_address>0x1b0e</run_address>
         <size>0x18</size>
         <input_file_ref idref="fl-140"/>
      </object_component>
      <object_component id="oc-11c">
         <name>.text:ADCProcessorTrigger</name>
         <load_address>0x1b26</load_address>
         <run_address>0x1b26</run_address>
         <size>0x18</size>
         <input_file_ref idref="fl-140"/>
      </object_component>
      <object_component id="oc-a6">
         <name>.text:GPIOPinTypeGPIOOutput</name>
         <load_address>0x1b3e</load_address>
         <run_address>0x1b3e</run_address>
         <size>0x18</size>
         <input_file_ref idref="fl-141"/>
      </object_component>
      <object_component id="oc-e7">
         <name>.text:TimerIntRegister</name>
         <load_address>0x1b56</load_address>
         <run_address>0x1b56</run_address>
         <size>0x18</size>
         <input_file_ref idref="fl-144"/>
      </object_component>
      <object_component id="oc-b5">
         <name>.text:UARTIntRegister</name>
         <load_address>0x1b6e</load_address>
         <run_address>0x1b6e</run_address>
         <size>0x18</size>
         <input_file_ref idref="fl-145"/>
      </object_component>
      <object_component id="oc-30">
         <name>.text</name>
         <load_address>0x1b88</load_address>
         <run_address>0x1b88</run_address>
         <size>0x18</size>
         <input_file_ref idref="fl-13d"/>
      </object_component>
      <object_component id="oc-1a1">
         <name>.text:UARTEnable</name>
         <load_address>0x1ba0</load_address>
         <run_address>0x1ba0</run_address>
         <size>0x14</size>
         <input_file_ref idref="fl-145"/>
      </object_component>
      <object_component id="oc-178">
         <name>.text</name>
         <load_address>0x1bb4</load_address>
         <run_address>0x1bb4</run_address>
         <size>0x14</size>
         <input_file_ref idref="fl-13c"/>
      </object_component>
      <object_component id="oc-137">
         <name>.text:GPIOPinTypeADC</name>
         <load_address>0x1bc8</load_address>
         <run_address>0x1bc8</run_address>
         <size>0x12</size>
         <input_file_ref idref="fl-141"/>
      </object_component>
      <object_component id="oc-156">
         <name>.text:GPIOPinTypeGPIOInput</name>
         <load_address>0x1bda</load_address>
         <run_address>0x1bda</run_address>
         <size>0x12</size>
         <input_file_ref idref="fl-141"/>
      </object_component>
      <object_component id="oc-a1">
         <name>.text:GPIOPinTypeUART</name>
         <load_address>0x1bec</load_address>
         <run_address>0x1bec</run_address>
         <size>0x12</size>
         <input_file_ref idref="fl-141"/>
      </object_component>
      <object_component id="oc-e2">
         <name>.text:TimerLoadSet</name>
         <load_address>0x1bfe</load_address>
         <run_address>0x1bfe</run_address>
         <size>0x12</size>
         <input_file_ref idref="fl-144"/>
      </object_component>
      <object_component id="oc-19">
         <name>.text:decompress:ZI</name>
         <load_address>0x1c10</load_address>
         <run_address>0x1c10</run_address>
         <size>0x12</size>
         <input_file_ref idref="fl-134"/>
      </object_component>
      <object_component id="oc-141">
         <name>.text:ADCIntEnable</name>
         <load_address>0x1c22</load_address>
         <run_address>0x1c22</run_address>
         <size>0x10</size>
         <input_file_ref idref="fl-140"/>
      </object_component>
      <object_component id="oc-ba">
         <name>.text:IntMasterEnable</name>
         <load_address>0x1c32</load_address>
         <run_address>0x1c32</run_address>
         <size>0x10</size>
         <input_file_ref idref="fl-142"/>
      </object_component>
      <object_component id="oc-128">
         <name>.text:ADCSequenceDisable</name>
         <load_address>0x1c42</load_address>
         <run_address>0x1c42</run_address>
         <size>0xe</size>
         <input_file_ref idref="fl-140"/>
      </object_component>
      <object_component id="oc-146">
         <name>.text:ADCSequenceEnable</name>
         <load_address>0x1c50</load_address>
         <run_address>0x1c50</run_address>
         <size>0xe</size>
         <input_file_ref idref="fl-140"/>
      </object_component>
      <object_component id="oc-f1">
         <name>.text:TimerEnable</name>
         <load_address>0x1c5e</load_address>
         <run_address>0x1c5e</run_address>
         <size>0xe</size>
         <input_file_ref idref="fl-144"/>
      </object_component>
      <object_component id="oc-ce">
         <name>.text:UARTCharGetNonBlocking</name>
         <load_address>0x1c6c</load_address>
         <run_address>0x1c6c</run_address>
         <size>0xe</size>
         <input_file_ref idref="fl-145"/>
      </object_component>
      <object_component id="oc-d3">
         <name>.text:UARTCharsAvail</name>
         <load_address>0x1c7a</load_address>
         <run_address>0x1c7a</run_address>
         <size>0xe</size>
         <input_file_ref idref="fl-145"/>
      </object_component>
      <object_component id="oc-14">
         <name>.text:decompress:none</name>
         <load_address>0x1c88</load_address>
         <run_address>0x1c88</run_address>
         <size>0xe</size>
         <input_file_ref idref="fl-132"/>
      </object_component>
      <object_component id="oc-1b3">
         <name>.text:CPUcpsie</name>
         <load_address>0x1c96</load_address>
         <run_address>0x1c96</run_address>
         <size>0xc</size>
         <input_file_ref idref="fl-146"/>
      </object_component>
      <object_component id="oc-24">
         <name>.text</name>
         <load_address>0x1ca2</load_address>
         <run_address>0x1ca2</run_address>
         <size>0xc</size>
         <input_file_ref idref="fl-2"/>
      </object_component>
      <object_component id="oc-fd">
         <name>.text:ADCIntClear</name>
         <load_address>0x1cae</load_address>
         <run_address>0x1cae</run_address>
         <size>0xa</size>
         <input_file_ref idref="fl-140"/>
      </object_component>
      <object_component id="oc-117">
         <name>.text:UARTCharPut</name>
         <load_address>0x1cb8</load_address>
         <run_address>0x1cb8</run_address>
         <size>0xa</size>
         <input_file_ref idref="fl-145"/>
      </object_component>
      <object_component id="oc-c9">
         <name>.text:UARTIntStatus</name>
         <load_address>0x1cc2</load_address>
         <run_address>0x1cc2</run_address>
         <size>0xa</size>
         <input_file_ref idref="fl-145"/>
      </object_component>
      <object_component id="oc-ec">
         <name>.text:TimerIntEnable</name>
         <load_address>0x1ccc</load_address>
         <run_address>0x1ccc</run_address>
         <size>0x8</size>
         <input_file_ref idref="fl-144"/>
      </object_component>
      <object_component id="oc-c4">
         <name>.text:UARTIntEnable</name>
         <load_address>0x1cd4</load_address>
         <run_address>0x1cd4</run_address>
         <size>0x8</size>
         <input_file_ref idref="fl-145"/>
      </object_component>
      <object_component id="oc-160">
         <name>.text:GPIOPinRead</name>
         <load_address>0x1cdc</load_address>
         <run_address>0x1cdc</run_address>
         <size>0x6</size>
         <input_file_ref idref="fl-141"/>
      </object_component>
      <object_component id="oc-165">
         <name>.text:GPIOPinWrite</name>
         <load_address>0x1ce2</load_address>
         <run_address>0x1ce2</run_address>
         <size>0x6</size>
         <input_file_ref idref="fl-141"/>
      </object_component>
      <object_component id="oc-96">
         <name>.text:SysCtlDelay</name>
         <load_address>0x1ce8</load_address>
         <run_address>0x1ce8</run_address>
         <size>0x6</size>
         <input_file_ref idref="fl-143"/>
      </object_component>
      <object_component id="oc-1e">
         <name>.text:decompress:rle24</name>
         <load_address>0x1cee</load_address>
         <run_address>0x1cee</run_address>
         <size>0x6</size>
         <input_file_ref idref="fl-133"/>
      </object_component>
      <object_component id="oc-f6">
         <name>.text:TimerIntClear</name>
         <load_address>0x1cf4</load_address>
         <run_address>0x1cf4</run_address>
         <size>0x4</size>
         <input_file_ref idref="fl-144"/>
      </object_component>
      <object_component id="oc-d8">
         <name>.text:UARTIntClear</name>
         <load_address>0x1cf8</load_address>
         <run_address>0x1cf8</run_address>
         <size>0x4</size>
         <input_file_ref idref="fl-145"/>
      </object_component>
      <object_component id="oc-18e">
         <name>.const:g_pui32GPIOBaseAddrs</name>
         <load_address>0x1cfc</load_address>
         <run_address>0x1cfc</run_address>
         <size>0x90</size>
         <input_file_ref idref="fl-141"/>
      </object_component>
      <object_component id="oc-1be">
         <name>.const</name>
         <load_address>0x1d8c</load_address>
         <run_address>0x1d8c</run_address>
         <size>0x70</size>
         <input_file_ref idref="fl-142"/>
      </object_component>
      <object_component id="oc-199">
         <name>.const:g_pui32Xtals</name>
         <load_address>0x1dfc</load_address>
         <run_address>0x1dfc</run_address>
         <size>0x6c</size>
         <input_file_ref idref="fl-143"/>
      </object_component>
      <object_component id="oc-21b">
         <name>.const:g_ppui32TimerIntMap</name>
         <load_address>0x1e68</load_address>
         <run_address>0x1e68</run_address>
         <size>0x60</size>
         <input_file_ref idref="fl-144"/>
      </object_component>
      <object_component id="oc-21d">
         <name>.const:g_ppui32TimerIntMapSnowflake</name>
         <load_address>0x1ec8</load_address>
         <run_address>0x1ec8</run_address>
         <size>0x40</size>
         <input_file_ref idref="fl-144"/>
      </object_component>
      <object_component id="oc-20c">
         <name>.const:g_ppui32UARTIntMap</name>
         <load_address>0x1f08</load_address>
         <run_address>0x1f08</run_address>
         <size>0x40</size>
         <input_file_ref idref="fl-145"/>
      </object_component>
      <object_component id="oc-20e">
         <name>.const:g_ppui32UARTIntMapSnowflake</name>
         <load_address>0x1f48</load_address>
         <run_address>0x1f48</run_address>
         <size>0x40</size>
         <input_file_ref idref="fl-145"/>
      </object_component>
      <object_component id="oc-24a">
         <name>.cinit..data.load</name>
         <load_address>0x1f88</load_address>
         <run_address>0x1f88</run_address>
         <size>0x12</size>
      </object_component>
      <object_component id="oc-247">
         <name>__TI_handler_table</name>
         <load_address>0x1f9c</load_address>
         <run_address>0x1f9c</run_address>
         <size>0xc</size>
      </object_component>
      <object_component id="oc-24b">
         <name>.cinit..bss.load</name>
         <load_address>0x1fa8</load_address>
         <run_address>0x1fa8</run_address>
         <size>0x8</size>
      </object_component>
      <object_component id="oc-249">
         <name>.cinit..vtable.load</name>
         <load_address>0x1fb0</load_address>
         <run_address>0x1fb0</run_address>
         <size>0x8</size>
      </object_component>
      <object_component id="oc-248">
         <name>__TI_cinit_table</name>
         <load_address>0x1fb8</load_address>
         <run_address>0x1fb8</run_address>
         <size>0x18</size>
      </object_component>
      <object_component id="oc-211">
         <name>.vtable</name>
         <uninitialized>true</uninitialized>
         <run_address>0x20000000</run_address>
         <size>0x26c</size>
         <input_file_ref idref="fl-142"/>
      </object_component>
      <object_component id="oc-3a">
         <name>.data</name>
         <load_address>0x20000490</load_address>
         <run_address>0x20000490</run_address>
         <size>0x4</size>
         <input_file_ref idref="fl-13a"/>
      </object_component>
      <object_component id="oc-75">
         <name>.data</name>
         <load_address>0x20000480</load_address>
         <run_address>0x20000480</run_address>
         <size>0x8</size>
         <input_file_ref idref="fl-13c"/>
      </object_component>
      <object_component id="oc-77">
         <name>.data</name>
         <load_address>0x20000488</load_address>
         <run_address>0x20000488</run_address>
         <size>0x8</size>
         <input_file_ref idref="fl-135"/>
      </object_component>
      <object_component id="oc-121">
         <name>.data</name>
         <load_address>0x2000046c</load_address>
         <run_address>0x2000046c</run_address>
         <size>0x14</size>
         <input_file_ref idref="fl-3"/>
      </object_component>
      <object_component id="oc-16f">
         <name>.common:bas</name>
         <uninitialized>true</uninitialized>
         <run_address>0x200004a8</run_address>
         <size>0x8</size>
      </object_component>
      <object_component id="oc-fb">
         <name>.common:Portsaat</name>
         <uninitialized>true</uninitialized>
         <run_address>0x20000494</run_address>
         <size>0x14</size>
      </object_component>
      <object_component id="oc-23">
         <name>.stack</name>
         <uninitialized>true</uninitialized>
         <run_address>0x2000026c</run_address>
         <size>0x0</size>
         <input_file_ref idref="fl-131"/>
      </object_component>
      <object_component id="oc-24c">
         <name>.stack</name>
         <uninitialized>true</uninitialized>
         <run_address>0x2000026c</run_address>
         <size>0x0</size>
      </object_component>
      <object_component id="oc-f">
         <name>.debug_info</name>
         <load_address>0x0</load_address>
         <run_address>0x0</run_address>
         <size>0xe4</size>
         <input_file_ref idref="fl-2"/>
      </object_component>
      <object_component id="oc-13">
         <name>.debug_info</name>
         <load_address>0xe4</load_address>
         <run_address>0xe4</run_address>
         <size>0xf3</size>
         <input_file_ref idref="fl-131"/>
      </object_component>
      <object_component id="oc-17">
         <name>.debug_info</name>
         <load_address>0x1d7</load_address>
         <run_address>0x1d7</run_address>
         <size>0x194</size>
         <input_file_ref idref="fl-132"/>
      </object_component>
      <object_component id="oc-1b">
         <name>.debug_info</name>
         <load_address>0x36b</load_address>
         <run_address>0x36b</run_address>
         <size>0x16a</size>
         <input_file_ref idref="fl-134"/>
      </object_component>
      <object_component id="oc-21">
         <name>.debug_info</name>
         <load_address>0x4d5</load_address>
         <run_address>0x4d5</run_address>
         <size>0x18e</size>
         <input_file_ref idref="fl-133"/>
      </object_component>
      <object_component id="oc-25">
         <name>.debug_info</name>
         <load_address>0x663</load_address>
         <run_address>0x663</run_address>
         <size>0x260</size>
         <input_file_ref idref="fl-2"/>
      </object_component>
      <object_component id="oc-2b">
         <name>.debug_info</name>
         <load_address>0x8c3</load_address>
         <run_address>0x8c3</run_address>
         <size>0xf9</size>
         <input_file_ref idref="fl-2"/>
      </object_component>
      <object_component id="oc-2f">
         <name>.debug_info</name>
         <load_address>0x9bc</load_address>
         <run_address>0x9bc</run_address>
         <size>0x13d</size>
         <input_file_ref idref="fl-13e"/>
      </object_component>
      <object_component id="oc-32">
         <name>.debug_info</name>
         <load_address>0xaf9</load_address>
         <run_address>0xaf9</run_address>
         <size>0x11c</size>
         <input_file_ref idref="fl-13d"/>
      </object_component>
      <object_component id="oc-36">
         <name>.debug_info</name>
         <load_address>0xc15</load_address>
         <run_address>0xc15</run_address>
         <size>0x1c2</size>
         <input_file_ref idref="fl-135"/>
      </object_component>
      <object_component id="oc-3b">
         <name>.debug_info</name>
         <load_address>0xdd7</load_address>
         <run_address>0xdd7</run_address>
         <size>0xbe</size>
         <input_file_ref idref="fl-13a"/>
      </object_component>
      <object_component id="oc-3f">
         <name>.debug_info</name>
         <load_address>0xe95</load_address>
         <run_address>0xe95</run_address>
         <size>0xcc</size>
         <input_file_ref idref="fl-139"/>
      </object_component>
      <object_component id="oc-42">
         <name>.debug_info</name>
         <load_address>0xf61</load_address>
         <run_address>0xf61</run_address>
         <size>0x46</size>
         <input_file_ref idref="fl-132"/>
      </object_component>
      <object_component id="oc-47">
         <name>.debug_info</name>
         <load_address>0xfa7</load_address>
         <run_address>0xfa7</run_address>
         <size>0xf2</size>
         <input_file_ref idref="fl-132"/>
      </object_component>
      <object_component id="oc-49">
         <name>.debug_info</name>
         <load_address>0x1099</load_address>
         <run_address>0x1099</run_address>
         <size>0x46</size>
         <input_file_ref idref="fl-134"/>
      </object_component>
      <object_component id="oc-4e">
         <name>.debug_info</name>
         <load_address>0x10df</load_address>
         <run_address>0x10df</run_address>
         <size>0xad</size>
         <input_file_ref idref="fl-134"/>
      </object_component>
      <object_component id="oc-50">
         <name>.debug_info</name>
         <load_address>0x118c</load_address>
         <run_address>0x118c</run_address>
         <size>0x1ef</size>
         <input_file_ref idref="fl-133"/>
      </object_component>
      <object_component id="oc-55">
         <name>.debug_info</name>
         <load_address>0x137b</load_address>
         <run_address>0x137b</run_address>
         <size>0xb7</size>
         <input_file_ref idref="fl-133"/>
      </object_component>
      <object_component id="oc-56">
         <name>.debug_info</name>
         <load_address>0x1432</load_address>
         <run_address>0x1432</run_address>
         <size>0x39</size>
         <input_file_ref idref="fl-133"/>
      </object_component>
      <object_component id="oc-5e">
         <name>.debug_info</name>
         <load_address>0x146b</load_address>
         <run_address>0x146b</run_address>
         <size>0x18b</size>
         <input_file_ref idref="fl-2"/>
      </object_component>
      <object_component id="oc-66">
         <name>.debug_info</name>
         <load_address>0x15f6</load_address>
         <run_address>0x15f6</run_address>
         <size>0x14b</size>
         <input_file_ref idref="fl-13f"/>
      </object_component>
      <object_component id="oc-6b">
         <name>.debug_info</name>
         <load_address>0x1741</load_address>
         <run_address>0x1741</run_address>
         <size>0x19c7</size>
         <input_file_ref idref="fl-3"/>
      </object_component>
      <object_component id="oc-6f">
         <name>.debug_info</name>
         <load_address>0x3108</load_address>
         <run_address>0x3108</run_address>
         <size>0x84</size>
         <input_file_ref idref="fl-2"/>
      </object_component>
      <object_component id="oc-74">
         <name>.debug_info</name>
         <load_address>0x318c</load_address>
         <run_address>0x318c</run_address>
         <size>0x11b</size>
         <input_file_ref idref="fl-13d"/>
      </object_component>
      <object_component id="oc-76">
         <name>.debug_info</name>
         <load_address>0x32a7</load_address>
         <run_address>0x32a7</run_address>
         <size>0xc8</size>
         <input_file_ref idref="fl-13c"/>
      </object_component>
      <object_component id="oc-78">
         <name>.debug_info</name>
         <load_address>0x336f</load_address>
         <run_address>0x336f</run_address>
         <size>0xeb</size>
         <input_file_ref idref="fl-135"/>
      </object_component>
      <object_component id="oc-7a">
         <name>.debug_info</name>
         <load_address>0x345a</load_address>
         <run_address>0x345a</run_address>
         <size>0x146</size>
         <input_file_ref idref="fl-135"/>
      </object_component>
      <object_component id="oc-7e">
         <name>.debug_info</name>
         <load_address>0x35a0</load_address>
         <run_address>0x35a0</run_address>
         <size>0x2c</size>
         <input_file_ref idref="fl-132"/>
      </object_component>
      <object_component id="oc-85">
         <name>.debug_info</name>
         <load_address>0x35cc</load_address>
         <run_address>0x35cc</run_address>
         <size>0x2c</size>
         <input_file_ref idref="fl-3"/>
      </object_component>
      <object_component id="oc-90">
         <name>.debug_info</name>
         <load_address>0x35f8</load_address>
         <run_address>0x35f8</run_address>
         <size>0x148</size>
         <input_file_ref idref="fl-13f"/>
      </object_component>
      <object_component id="oc-94">
         <name>.debug_info</name>
         <load_address>0x3740</load_address>
         <run_address>0x3740</run_address>
         <size>0x2db</size>
         <input_file_ref idref="fl-143"/>
      </object_component>
      <object_component id="oc-9a">
         <name>.debug_info</name>
         <load_address>0x3a1b</load_address>
         <run_address>0x3a1b</run_address>
         <size>0x27d</size>
         <input_file_ref idref="fl-143"/>
      </object_component>
      <object_component id="oc-9e">
         <name>.debug_info</name>
         <load_address>0x3c98</load_address>
         <run_address>0x3c98</run_address>
         <size>0x280</size>
         <input_file_ref idref="fl-141"/>
      </object_component>
      <object_component id="oc-a3">
         <name>.debug_info</name>
         <load_address>0x3f18</load_address>
         <run_address>0x3f18</run_address>
         <size>0x27b</size>
         <input_file_ref idref="fl-141"/>
      </object_component>
      <object_component id="oc-a8">
         <name>.debug_info</name>
         <load_address>0x4193</load_address>
         <run_address>0x4193</run_address>
         <size>0x2b7</size>
         <input_file_ref idref="fl-141"/>
      </object_component>
      <object_component id="oc-ae">
         <name>.debug_info</name>
         <load_address>0x444a</load_address>
         <run_address>0x444a</run_address>
         <size>0x2b5</size>
         <input_file_ref idref="fl-143"/>
      </object_component>
      <object_component id="oc-b1">
         <name>.debug_info</name>
         <load_address>0x46ff</load_address>
         <run_address>0x46ff</run_address>
         <size>0x326</size>
         <input_file_ref idref="fl-145"/>
      </object_component>
      <object_component id="oc-b6">
         <name>.debug_info</name>
         <load_address>0x4a25</load_address>
         <run_address>0x4a25</run_address>
         <size>0x2c3</size>
         <input_file_ref idref="fl-145"/>
      </object_component>
      <object_component id="oc-bd">
         <name>.debug_info</name>
         <load_address>0x4ce8</load_address>
         <run_address>0x4ce8</run_address>
         <size>0x23e</size>
         <input_file_ref idref="fl-142"/>
      </object_component>
      <object_component id="oc-c2">
         <name>.debug_info</name>
         <load_address>0x4f26</load_address>
         <run_address>0x4f26</run_address>
         <size>0x268</size>
         <input_file_ref idref="fl-142"/>
      </object_component>
      <object_component id="oc-c5">
         <name>.debug_info</name>
         <load_address>0x518e</load_address>
         <run_address>0x518e</run_address>
         <size>0x28f</size>
         <input_file_ref idref="fl-145"/>
      </object_component>
      <object_component id="oc-ca">
         <name>.debug_info</name>
         <load_address>0x541d</load_address>
         <run_address>0x541d</run_address>
         <size>0x27f</size>
         <input_file_ref idref="fl-145"/>
      </object_component>
      <object_component id="oc-cf">
         <name>.debug_info</name>
         <load_address>0x569c</load_address>
         <run_address>0x569c</run_address>
         <size>0x263</size>
         <input_file_ref idref="fl-145"/>
      </object_component>
      <object_component id="oc-d4">
         <name>.debug_info</name>
         <load_address>0x58ff</load_address>
         <run_address>0x58ff</run_address>
         <size>0x253</size>
         <input_file_ref idref="fl-145"/>
      </object_component>
      <object_component id="oc-d9">
         <name>.debug_info</name>
         <load_address>0x5b52</load_address>
         <run_address>0x5b52</run_address>
         <size>0x28d</size>
         <input_file_ref idref="fl-145"/>
      </object_component>
      <object_component id="oc-e1">
         <name>.debug_info</name>
         <load_address>0x5ddf</load_address>
         <run_address>0x5ddf</run_address>
         <size>0x28c</size>
         <input_file_ref idref="fl-144"/>
      </object_component>
      <object_component id="oc-e5">
         <name>.debug_info</name>
         <load_address>0x606b</load_address>
         <run_address>0x606b</run_address>
         <size>0x2ba</size>
         <input_file_ref idref="fl-144"/>
      </object_component>
      <object_component id="oc-eb">
         <name>.debug_info</name>
         <load_address>0x6325</load_address>
         <run_address>0x6325</run_address>
         <size>0x2e4</size>
         <input_file_ref idref="fl-144"/>
      </object_component>
      <object_component id="oc-f0">
         <name>.debug_info</name>
         <load_address>0x6609</load_address>
         <run_address>0x6609</run_address>
         <size>0x294</size>
         <input_file_ref idref="fl-144"/>
      </object_component>
      <object_component id="oc-f5">
         <name>.debug_info</name>
         <load_address>0x689d</load_address>
         <run_address>0x689d</run_address>
         <size>0x27f</size>
         <input_file_ref idref="fl-144"/>
      </object_component>
      <object_component id="oc-fa">
         <name>.debug_info</name>
         <load_address>0x6b1c</load_address>
         <run_address>0x6b1c</run_address>
         <size>0x292</size>
         <input_file_ref idref="fl-144"/>
      </object_component>
      <object_component id="oc-fc">
         <name>.debug_info</name>
         <load_address>0x6dae</load_address>
         <run_address>0x6dae</run_address>
         <size>0x9dc</size>
         <input_file_ref idref="fl-3"/>
      </object_component>
      <object_component id="oc-fe">
         <name>.debug_info</name>
         <load_address>0x778a</load_address>
         <run_address>0x778a</run_address>
         <size>0x294</size>
         <input_file_ref idref="fl-140"/>
      </object_component>
      <object_component id="oc-103">
         <name>.debug_info</name>
         <load_address>0x7a1e</load_address>
         <run_address>0x7a1e</run_address>
         <size>0x2ff</size>
         <input_file_ref idref="fl-140"/>
      </object_component>
      <object_component id="oc-108">
         <name>.debug_info</name>
         <load_address>0x7d1d</load_address>
         <run_address>0x7d1d</run_address>
         <size>0xe1</size>
         <input_file_ref idref="fl-13b"/>
      </object_component>
      <object_component id="oc-10e">
         <name>.debug_info</name>
         <load_address>0x7dfe</load_address>
         <run_address>0x7dfe</run_address>
         <size>0xed</size>
         <input_file_ref idref="fl-137"/>
      </object_component>
      <object_component id="oc-110">
         <name>.debug_info</name>
         <load_address>0x7eeb</load_address>
         <run_address>0x7eeb</run_address>
         <size>0xed</size>
         <input_file_ref idref="fl-136"/>
      </object_component>
      <object_component id="oc-114">
         <name>.debug_info</name>
         <load_address>0x7fd8</load_address>
         <run_address>0x7fd8</run_address>
         <size>0xe8</size>
         <input_file_ref idref="fl-138"/>
      </object_component>
      <object_component id="oc-118">
         <name>.debug_info</name>
         <load_address>0x80c0</load_address>
         <run_address>0x80c0</run_address>
         <size>0x273</size>
         <input_file_ref idref="fl-145"/>
      </object_component>
      <object_component id="oc-11d">
         <name>.debug_info</name>
         <load_address>0x8333</load_address>
         <run_address>0x8333</run_address>
         <size>0x2a4</size>
         <input_file_ref idref="fl-140"/>
      </object_component>
      <object_component id="oc-122">
         <name>.debug_info</name>
         <load_address>0x85d7</load_address>
         <run_address>0x85d7</run_address>
         <size>0x137</size>
         <input_file_ref idref="fl-3"/>
      </object_component>
      <object_component id="oc-126">
         <name>.debug_info</name>
         <load_address>0x870e</load_address>
         <run_address>0x870e</run_address>
         <size>0x295</size>
         <input_file_ref idref="fl-143"/>
      </object_component>
      <object_component id="oc-129">
         <name>.debug_info</name>
         <load_address>0x89a3</load_address>
         <run_address>0x89a3</run_address>
         <size>0x2a2</size>
         <input_file_ref idref="fl-140"/>
      </object_component>
      <object_component id="oc-12e">
         <name>.debug_info</name>
         <load_address>0x8c45</load_address>
         <run_address>0x8c45</run_address>
         <size>0x326</size>
         <input_file_ref idref="fl-140"/>
      </object_component>
      <object_component id="oc-133">
         <name>.debug_info</name>
         <load_address>0x8f6b</load_address>
         <run_address>0x8f6b</run_address>
         <size>0x333</size>
         <input_file_ref idref="fl-140"/>
      </object_component>
      <object_component id="oc-139">
         <name>.debug_info</name>
         <load_address>0x929e</load_address>
         <run_address>0x929e</run_address>
         <size>0x279</size>
         <input_file_ref idref="fl-141"/>
      </object_component>
      <object_component id="oc-13d">
         <name>.debug_info</name>
         <load_address>0x9517</load_address>
         <run_address>0x9517</run_address>
         <size>0x2df</size>
         <input_file_ref idref="fl-140"/>
      </object_component>
      <object_component id="oc-142">
         <name>.debug_info</name>
         <load_address>0x97f6</load_address>
         <run_address>0x97f6</run_address>
         <size>0x296</size>
         <input_file_ref idref="fl-140"/>
      </object_component>
      <object_component id="oc-147">
         <name>.debug_info</name>
         <load_address>0x9a8c</load_address>
         <run_address>0x9a8c</run_address>
         <size>0x2a0</size>
         <input_file_ref idref="fl-140"/>
      </object_component>
      <object_component id="oc-152">
         <name>.debug_info</name>
         <load_address>0x9d2c</load_address>
         <run_address>0x9d2c</run_address>
         <size>0x2d7</size>
         <input_file_ref idref="fl-144"/>
      </object_component>
      <object_component id="oc-158">
         <name>.debug_info</name>
         <load_address>0xa003</load_address>
         <run_address>0xa003</run_address>
         <size>0x285</size>
         <input_file_ref idref="fl-141"/>
      </object_component>
      <object_component id="oc-15c">
         <name>.debug_info</name>
         <load_address>0xa288</load_address>
         <run_address>0xa288</run_address>
         <size>0x316</size>
         <input_file_ref idref="fl-141"/>
      </object_component>
      <object_component id="oc-162">
         <name>.debug_info</name>
         <load_address>0xa59e</load_address>
         <run_address>0xa59e</run_address>
         <size>0x27b</size>
         <input_file_ref idref="fl-141"/>
      </object_component>
      <object_component id="oc-166">
         <name>.debug_info</name>
         <load_address>0xa819</load_address>
         <run_address>0xa819</run_address>
         <size>0x2a3</size>
         <input_file_ref idref="fl-141"/>
      </object_component>
      <object_component id="oc-173">
         <name>.debug_info</name>
         <load_address>0xaabc</load_address>
         <run_address>0xaabc</run_address>
         <size>0x5e</size>
         <input_file_ref idref="fl-13d"/>
      </object_component>
      <object_component id="oc-17b">
         <name>.debug_info</name>
         <load_address>0xab1a</load_address>
         <run_address>0xab1a</run_address>
         <size>0x1d4</size>
         <input_file_ref idref="fl-13c"/>
      </object_component>
      <object_component id="oc-17f">
         <name>.debug_info</name>
         <load_address>0xacee</load_address>
         <run_address>0xacee</run_address>
         <size>0xd9</size>
         <input_file_ref idref="fl-13c"/>
      </object_component>
      <object_component id="oc-186">
         <name>.debug_info</name>
         <load_address>0xadc7</load_address>
         <run_address>0xadc7</run_address>
         <size>0xcd</size>
         <input_file_ref idref="fl-13f"/>
      </object_component>
      <object_component id="oc-18c">
         <name>.debug_info</name>
         <load_address>0xae94</load_address>
         <run_address>0xae94</run_address>
         <size>0x298</size>
         <input_file_ref idref="fl-143"/>
      </object_component>
      <object_component id="oc-18f">
         <name>.debug_info</name>
         <load_address>0xb12c</load_address>
         <run_address>0xb12c</run_address>
         <size>0x15b</size>
         <input_file_ref idref="fl-141"/>
      </object_component>
      <object_component id="oc-191">
         <name>.debug_info</name>
         <load_address>0xb287</load_address>
         <run_address>0xb287</run_address>
         <size>0x240</size>
         <input_file_ref idref="fl-141"/>
      </object_component>
      <object_component id="oc-193">
         <name>.debug_info</name>
         <load_address>0xb4c7</load_address>
         <run_address>0xb4c7</run_address>
         <size>0x2b3</size>
         <input_file_ref idref="fl-141"/>
      </object_component>
      <object_component id="oc-19a">
         <name>.debug_info</name>
         <load_address>0xb77a</load_address>
         <run_address>0xb77a</run_address>
         <size>0x14d</size>
         <input_file_ref idref="fl-143"/>
      </object_component>
      <object_component id="oc-19d">
         <name>.debug_info</name>
         <load_address>0xb8c7</load_address>
         <run_address>0xb8c7</run_address>
         <size>0x249</size>
         <input_file_ref idref="fl-145"/>
      </object_component>
      <object_component id="oc-1a2">
         <name>.debug_info</name>
         <load_address>0xbb10</load_address>
         <run_address>0xbb10</run_address>
         <size>0x247</size>
         <input_file_ref idref="fl-145"/>
      </object_component>
      <object_component id="oc-1a7">
         <name>.debug_info</name>
         <load_address>0xbd57</load_address>
         <run_address>0xbd57</run_address>
         <size>0x227</size>
         <input_file_ref idref="fl-145"/>
      </object_component>
      <object_component id="oc-1a9">
         <name>.debug_info</name>
         <load_address>0xbf7e</load_address>
         <run_address>0xbf7e</run_address>
         <size>0x27e</size>
         <input_file_ref idref="fl-145"/>
      </object_component>
      <object_component id="oc-1af">
         <name>.debug_info</name>
         <load_address>0xc1fc</load_address>
         <run_address>0xc1fc</run_address>
         <size>0x2c1</size>
         <input_file_ref idref="fl-142"/>
      </object_component>
      <object_component id="oc-1b4">
         <name>.debug_info</name>
         <load_address>0xc4bd</load_address>
         <run_address>0xc4bd</run_address>
         <size>0x212</size>
         <input_file_ref idref="fl-146"/>
      </object_component>
      <object_component id="oc-1b9">
         <name>.debug_info</name>
         <load_address>0xc6cf</load_address>
         <run_address>0xc6cf</run_address>
         <size>0x8b</size>
         <input_file_ref idref="fl-140"/>
      </object_component>
      <object_component id="oc-1bf">
         <name>.debug_info</name>
         <load_address>0xc75a</load_address>
         <run_address>0xc75a</run_address>
         <size>0x210</size>
         <input_file_ref idref="fl-142"/>
      </object_component>
      <object_component id="oc-1c1">
         <name>.debug_info</name>
         <load_address>0xc96a</load_address>
         <run_address>0xc96a</run_address>
         <size>0x20e</size>
         <input_file_ref idref="fl-142"/>
      </object_component>
      <object_component id="oc-1c8">
         <name>.debug_info</name>
         <load_address>0xcb78</load_address>
         <run_address>0xcb78</run_address>
         <size>0x223</size>
         <input_file_ref idref="fl-144"/>
      </object_component>
      <object_component id="oc-1cd">
         <name>.debug_info</name>
         <load_address>0xcd9b</load_address>
         <run_address>0xcd9b</run_address>
         <size>0x2eb</size>
         <input_file_ref idref="fl-144"/>
      </object_component>
      <object_component id="oc-1d5">
         <name>.debug_info</name>
         <load_address>0xd086</load_address>
         <run_address>0xd086</run_address>
         <size>0x2c</size>
         <input_file_ref idref="fl-3"/>
      </object_component>
      <object_component id="oc-1db">
         <name>.debug_info</name>
         <load_address>0xd0b2</load_address>
         <run_address>0xd0b2</run_address>
         <size>0x24d</size>
         <input_file_ref idref="fl-140"/>
      </object_component>
      <object_component id="oc-1eb">
         <name>.debug_info</name>
         <load_address>0xd2ff</load_address>
         <run_address>0xd2ff</run_address>
         <size>0x2bf</size>
         <input_file_ref idref="fl-140"/>
      </object_component>
      <object_component id="oc-1fc">
         <name>.debug_info</name>
         <load_address>0xd5be</load_address>
         <run_address>0xd5be</run_address>
         <size>0x5f</size>
         <input_file_ref idref="fl-143"/>
      </object_component>
      <object_component id="oc-20d">
         <name>.debug_info</name>
         <load_address>0xd61d</load_address>
         <run_address>0xd61d</run_address>
         <size>0x157</size>
         <input_file_ref idref="fl-145"/>
      </object_component>
      <object_component id="oc-20f">
         <name>.debug_info</name>
         <load_address>0xd774</load_address>
         <run_address>0xd774</run_address>
         <size>0x169</size>
         <input_file_ref idref="fl-145"/>
      </object_component>
      <object_component id="oc-212">
         <name>.debug_info</name>
         <load_address>0xd8dd</load_address>
         <run_address>0xd8dd</run_address>
         <size>0x157</size>
         <input_file_ref idref="fl-142"/>
      </object_component>
      <object_component id="oc-21c">
         <name>.debug_info</name>
         <load_address>0xda34</load_address>
         <run_address>0xda34</run_address>
         <size>0x15a</size>
         <input_file_ref idref="fl-144"/>
      </object_component>
      <object_component id="oc-21e">
         <name>.debug_info</name>
         <load_address>0xdb8e</load_address>
         <run_address>0xdb8e</run_address>
         <size>0x16c</size>
         <input_file_ref idref="fl-144"/>
      </object_component>
      <object_component id="oc-24d">
         <name>.debug_info</name>
         <load_address>0xdcfa</load_address>
         <run_address>0xdcfa</run_address>
         <size>0x9e</size>
      </object_component>
      <object_component id="oc-11">
         <name>.debug_aranges</name>
         <load_address>0x0</load_address>
         <run_address>0x0</run_address>
         <size>0x20</size>
         <input_file_ref idref="fl-131"/>
      </object_component>
      <object_component id="oc-15">
         <name>.debug_aranges</name>
         <load_address>0x20</load_address>
         <run_address>0x20</run_address>
         <size>0x20</size>
         <input_file_ref idref="fl-132"/>
      </object_component>
      <object_component id="oc-1d">
         <name>.debug_aranges</name>
         <load_address>0x40</load_address>
         <run_address>0x40</run_address>
         <size>0x20</size>
         <input_file_ref idref="fl-134"/>
      </object_component>
      <object_component id="oc-22">
         <name>.debug_aranges</name>
         <load_address>0x60</load_address>
         <run_address>0x60</run_address>
         <size>0x20</size>
         <input_file_ref idref="fl-133"/>
      </object_component>
      <object_component id="oc-28">
         <name>.debug_aranges</name>
         <load_address>0x80</load_address>
         <run_address>0x80</run_address>
         <size>0x38</size>
         <input_file_ref idref="fl-2"/>
      </object_component>
      <object_component id="oc-2e">
         <name>.debug_aranges</name>
         <load_address>0xb8</load_address>
         <run_address>0xb8</run_address>
         <size>0x28</size>
         <input_file_ref idref="fl-13e"/>
      </object_component>
      <object_component id="oc-34">
         <name>.debug_aranges</name>
         <load_address>0xe0</load_address>
         <run_address>0xe0</run_address>
         <size>0x20</size>
         <input_file_ref idref="fl-13d"/>
      </object_component>
      <object_component id="oc-39">
         <name>.debug_aranges</name>
         <load_address>0x100</load_address>
         <run_address>0x100</run_address>
         <size>0x30</size>
         <input_file_ref idref="fl-135"/>
      </object_component>
      <object_component id="oc-3e">
         <name>.debug_aranges</name>
         <load_address>0x130</load_address>
         <run_address>0x130</run_address>
         <size>0x20</size>
         <input_file_ref idref="fl-139"/>
      </object_component>
      <object_component id="oc-51">
         <name>.debug_aranges</name>
         <load_address>0x150</load_address>
         <run_address>0x150</run_address>
         <size>0x20</size>
         <input_file_ref idref="fl-133"/>
      </object_component>
      <object_component id="oc-65">
         <name>.debug_aranges</name>
         <load_address>0x170</load_address>
         <run_address>0x170</run_address>
         <size>0x20</size>
         <input_file_ref idref="fl-13f"/>
      </object_component>
      <object_component id="oc-6d">
         <name>.debug_aranges</name>
         <load_address>0x190</load_address>
         <run_address>0x190</run_address>
         <size>0x98</size>
         <input_file_ref idref="fl-3"/>
      </object_component>
      <object_component id="oc-95">
         <name>.debug_aranges</name>
         <load_address>0x228</load_address>
         <run_address>0x228</run_address>
         <size>0x20</size>
         <input_file_ref idref="fl-143"/>
      </object_component>
      <object_component id="oc-9b">
         <name>.debug_aranges</name>
         <load_address>0x248</load_address>
         <run_address>0x248</run_address>
         <size>0x20</size>
         <input_file_ref idref="fl-143"/>
      </object_component>
      <object_component id="oc-a0">
         <name>.debug_aranges</name>
         <load_address>0x268</load_address>
         <run_address>0x268</run_address>
         <size>0x20</size>
         <input_file_ref idref="fl-141"/>
      </object_component>
      <object_component id="oc-a5">
         <name>.debug_aranges</name>
         <load_address>0x288</load_address>
         <run_address>0x288</run_address>
         <size>0x20</size>
         <input_file_ref idref="fl-141"/>
      </object_component>
      <object_component id="oc-aa">
         <name>.debug_aranges</name>
         <load_address>0x2a8</load_address>
         <run_address>0x2a8</run_address>
         <size>0x20</size>
         <input_file_ref idref="fl-141"/>
      </object_component>
      <object_component id="oc-af">
         <name>.debug_aranges</name>
         <load_address>0x2c8</load_address>
         <run_address>0x2c8</run_address>
         <size>0x20</size>
         <input_file_ref idref="fl-143"/>
      </object_component>
      <object_component id="oc-b4">
         <name>.debug_aranges</name>
         <load_address>0x2e8</load_address>
         <run_address>0x2e8</run_address>
         <size>0x20</size>
         <input_file_ref idref="fl-145"/>
      </object_component>
      <object_component id="oc-b9">
         <name>.debug_aranges</name>
         <load_address>0x308</load_address>
         <run_address>0x308</run_address>
         <size>0x20</size>
         <input_file_ref idref="fl-145"/>
      </object_component>
      <object_component id="oc-bc">
         <name>.debug_aranges</name>
         <load_address>0x328</load_address>
         <run_address>0x328</run_address>
         <size>0x20</size>
         <input_file_ref idref="fl-142"/>
      </object_component>
      <object_component id="oc-c1">
         <name>.debug_aranges</name>
         <load_address>0x348</load_address>
         <run_address>0x348</run_address>
         <size>0x20</size>
         <input_file_ref idref="fl-142"/>
      </object_component>
      <object_component id="oc-c8">
         <name>.debug_aranges</name>
         <load_address>0x368</load_address>
         <run_address>0x368</run_address>
         <size>0x20</size>
         <input_file_ref idref="fl-145"/>
      </object_component>
      <object_component id="oc-cd">
         <name>.debug_aranges</name>
         <load_address>0x388</load_address>
         <run_address>0x388</run_address>
         <size>0x20</size>
         <input_file_ref idref="fl-145"/>
      </object_component>
      <object_component id="oc-d2">
         <name>.debug_aranges</name>
         <load_address>0x3a8</load_address>
         <run_address>0x3a8</run_address>
         <size>0x20</size>
         <input_file_ref idref="fl-145"/>
      </object_component>
      <object_component id="oc-d7">
         <name>.debug_aranges</name>
         <load_address>0x3c8</load_address>
         <run_address>0x3c8</run_address>
         <size>0x20</size>
         <input_file_ref idref="fl-145"/>
      </object_component>
      <object_component id="oc-dc">
         <name>.debug_aranges</name>
         <load_address>0x3e8</load_address>
         <run_address>0x3e8</run_address>
         <size>0x20</size>
         <input_file_ref idref="fl-145"/>
      </object_component>
      <object_component id="oc-e0">
         <name>.debug_aranges</name>
         <load_address>0x408</load_address>
         <run_address>0x408</run_address>
         <size>0x20</size>
         <input_file_ref idref="fl-144"/>
      </object_component>
      <object_component id="oc-e4">
         <name>.debug_aranges</name>
         <load_address>0x428</load_address>
         <run_address>0x428</run_address>
         <size>0x20</size>
         <input_file_ref idref="fl-144"/>
      </object_component>
      <object_component id="oc-ea">
         <name>.debug_aranges</name>
         <load_address>0x448</load_address>
         <run_address>0x448</run_address>
         <size>0x20</size>
         <input_file_ref idref="fl-144"/>
      </object_component>
      <object_component id="oc-ef">
         <name>.debug_aranges</name>
         <load_address>0x468</load_address>
         <run_address>0x468</run_address>
         <size>0x20</size>
         <input_file_ref idref="fl-144"/>
      </object_component>
      <object_component id="oc-f4">
         <name>.debug_aranges</name>
         <load_address>0x488</load_address>
         <run_address>0x488</run_address>
         <size>0x20</size>
         <input_file_ref idref="fl-144"/>
      </object_component>
      <object_component id="oc-f9">
         <name>.debug_aranges</name>
         <load_address>0x4a8</load_address>
         <run_address>0x4a8</run_address>
         <size>0x20</size>
         <input_file_ref idref="fl-144"/>
      </object_component>
      <object_component id="oc-101">
         <name>.debug_aranges</name>
         <load_address>0x4c8</load_address>
         <run_address>0x4c8</run_address>
         <size>0x20</size>
         <input_file_ref idref="fl-140"/>
      </object_component>
      <object_component id="oc-106">
         <name>.debug_aranges</name>
         <load_address>0x4e8</load_address>
         <run_address>0x4e8</run_address>
         <size>0x20</size>
         <input_file_ref idref="fl-140"/>
      </object_component>
      <object_component id="oc-10a">
         <name>.debug_aranges</name>
         <load_address>0x508</load_address>
         <run_address>0x508</run_address>
         <size>0x20</size>
         <input_file_ref idref="fl-13b"/>
      </object_component>
      <object_component id="oc-10c">
         <name>.debug_aranges</name>
         <load_address>0x528</load_address>
         <run_address>0x528</run_address>
         <size>0x20</size>
         <input_file_ref idref="fl-137"/>
      </object_component>
      <object_component id="oc-112">
         <name>.debug_aranges</name>
         <load_address>0x548</load_address>
         <run_address>0x548</run_address>
         <size>0x20</size>
         <input_file_ref idref="fl-136"/>
      </object_component>
      <object_component id="oc-116">
         <name>.debug_aranges</name>
         <load_address>0x568</load_address>
         <run_address>0x568</run_address>
         <size>0x20</size>
         <input_file_ref idref="fl-138"/>
      </object_component>
      <object_component id="oc-11b">
         <name>.debug_aranges</name>
         <load_address>0x588</load_address>
         <run_address>0x588</run_address>
         <size>0x20</size>
         <input_file_ref idref="fl-145"/>
      </object_component>
      <object_component id="oc-120">
         <name>.debug_aranges</name>
         <load_address>0x5a8</load_address>
         <run_address>0x5a8</run_address>
         <size>0x20</size>
         <input_file_ref idref="fl-140"/>
      </object_component>
      <object_component id="oc-127">
         <name>.debug_aranges</name>
         <load_address>0x5c8</load_address>
         <run_address>0x5c8</run_address>
         <size>0x20</size>
         <input_file_ref idref="fl-143"/>
      </object_component>
      <object_component id="oc-12c">
         <name>.debug_aranges</name>
         <load_address>0x5e8</load_address>
         <run_address>0x5e8</run_address>
         <size>0x20</size>
         <input_file_ref idref="fl-140"/>
      </object_component>
      <object_component id="oc-131">
         <name>.debug_aranges</name>
         <load_address>0x608</load_address>
         <run_address>0x608</run_address>
         <size>0x20</size>
         <input_file_ref idref="fl-140"/>
      </object_component>
      <object_component id="oc-136">
         <name>.debug_aranges</name>
         <load_address>0x628</load_address>
         <run_address>0x628</run_address>
         <size>0x20</size>
         <input_file_ref idref="fl-140"/>
      </object_component>
      <object_component id="oc-13b">
         <name>.debug_aranges</name>
         <load_address>0x648</load_address>
         <run_address>0x648</run_address>
         <size>0x20</size>
         <input_file_ref idref="fl-141"/>
      </object_component>
      <object_component id="oc-140">
         <name>.debug_aranges</name>
         <load_address>0x668</load_address>
         <run_address>0x668</run_address>
         <size>0x20</size>
         <input_file_ref idref="fl-140"/>
      </object_component>
      <object_component id="oc-145">
         <name>.debug_aranges</name>
         <load_address>0x688</load_address>
         <run_address>0x688</run_address>
         <size>0x20</size>
         <input_file_ref idref="fl-140"/>
      </object_component>
      <object_component id="oc-14a">
         <name>.debug_aranges</name>
         <load_address>0x6a8</load_address>
         <run_address>0x6a8</run_address>
         <size>0x20</size>
         <input_file_ref idref="fl-140"/>
      </object_component>
      <object_component id="oc-151">
         <name>.debug_aranges</name>
         <load_address>0x6c8</load_address>
         <run_address>0x6c8</run_address>
         <size>0x20</size>
         <input_file_ref idref="fl-144"/>
      </object_component>
      <object_component id="oc-15a">
         <name>.debug_aranges</name>
         <load_address>0x6e8</load_address>
         <run_address>0x6e8</run_address>
         <size>0x20</size>
         <input_file_ref idref="fl-141"/>
      </object_component>
      <object_component id="oc-15f">
         <name>.debug_aranges</name>
         <load_address>0x708</load_address>
         <run_address>0x708</run_address>
         <size>0x20</size>
         <input_file_ref idref="fl-141"/>
      </object_component>
      <object_component id="oc-164">
         <name>.debug_aranges</name>
         <load_address>0x728</load_address>
         <run_address>0x728</run_address>
         <size>0x20</size>
         <input_file_ref idref="fl-141"/>
      </object_component>
      <object_component id="oc-169">
         <name>.debug_aranges</name>
         <load_address>0x748</load_address>
         <run_address>0x748</run_address>
         <size>0x20</size>
         <input_file_ref idref="fl-141"/>
      </object_component>
      <object_component id="oc-17a">
         <name>.debug_aranges</name>
         <load_address>0x768</load_address>
         <run_address>0x768</run_address>
         <size>0x30</size>
         <input_file_ref idref="fl-13c"/>
      </object_component>
      <object_component id="oc-196">
         <name>.debug_aranges</name>
         <load_address>0x798</load_address>
         <run_address>0x798</run_address>
         <size>0x20</size>
         <input_file_ref idref="fl-141"/>
      </object_component>
      <object_component id="oc-1a0">
         <name>.debug_aranges</name>
         <load_address>0x7b8</load_address>
         <run_address>0x7b8</run_address>
         <size>0x20</size>
         <input_file_ref idref="fl-145"/>
      </object_component>
      <object_component id="oc-1a5">
         <name>.debug_aranges</name>
         <load_address>0x7d8</load_address>
         <run_address>0x7d8</run_address>
         <size>0x20</size>
         <input_file_ref idref="fl-145"/>
      </object_component>
      <object_component id="oc-1ac">
         <name>.debug_aranges</name>
         <load_address>0x7f8</load_address>
         <run_address>0x7f8</run_address>
         <size>0x20</size>
         <input_file_ref idref="fl-145"/>
      </object_component>
      <object_component id="oc-1ae">
         <name>.debug_aranges</name>
         <load_address>0x818</load_address>
         <run_address>0x818</run_address>
         <size>0x20</size>
         <input_file_ref idref="fl-142"/>
      </object_component>
      <object_component id="oc-1b6">
         <name>.debug_aranges</name>
         <load_address>0x838</load_address>
         <run_address>0x838</run_address>
         <size>0x20</size>
         <input_file_ref idref="fl-146"/>
      </object_component>
      <object_component id="oc-1cc">
         <name>.debug_aranges</name>
         <load_address>0x858</load_address>
         <run_address>0x858</run_address>
         <size>0x20</size>
         <input_file_ref idref="fl-144"/>
      </object_component>
      <object_component id="oc-1ee">
         <name>.debug_aranges</name>
         <load_address>0x878</load_address>
         <run_address>0x878</run_address>
         <size>0x20</size>
         <input_file_ref idref="fl-140"/>
      </object_component>
      <object_component id="oc-12">
         <name>.debug_line</name>
         <load_address>0x0</load_address>
         <run_address>0x0</run_address>
         <size>0x4f</size>
         <input_file_ref idref="fl-131"/>
      </object_component>
      <object_component id="oc-16">
         <name>.debug_line</name>
         <load_address>0x4f</load_address>
         <run_address>0x4f</run_address>
         <size>0x55</size>
         <input_file_ref idref="fl-132"/>
      </object_component>
      <object_component id="oc-1c">
         <name>.debug_line</name>
         <load_address>0xa4</load_address>
         <run_address>0xa4</run_address>
         <size>0x4c</size>
         <input_file_ref idref="fl-134"/>
      </object_component>
      <object_component id="oc-20">
         <name>.debug_line</name>
         <load_address>0xf0</load_address>
         <run_address>0xf0</run_address>
         <size>0x4b</size>
         <input_file_ref idref="fl-133"/>
      </object_component>
      <object_component id="oc-26">
         <name>.debug_line</name>
         <load_address>0x13b</load_address>
         <run_address>0x13b</run_address>
         <size>0xa1</size>
         <input_file_ref idref="fl-2"/>
      </object_component>
      <object_component id="oc-2a">
         <name>.debug_line</name>
         <load_address>0x1dc</load_address>
         <run_address>0x1dc</run_address>
         <size>0x41</size>
         <input_file_ref idref="fl-2"/>
      </object_component>
      <object_component id="oc-2d">
         <name>.debug_line</name>
         <load_address>0x21d</load_address>
         <run_address>0x21d</run_address>
         <size>0x87</size>
         <input_file_ref idref="fl-13e"/>
      </object_component>
      <object_component id="oc-33">
         <name>.debug_line</name>
         <load_address>0x2a4</load_address>
         <run_address>0x2a4</run_address>
         <size>0x50</size>
         <input_file_ref idref="fl-13d"/>
      </object_component>
      <object_component id="oc-37">
         <name>.debug_line</name>
         <load_address>0x2f4</load_address>
         <run_address>0x2f4</run_address>
         <size>0x7a</size>
         <input_file_ref idref="fl-135"/>
      </object_component>
      <object_component id="oc-40">
         <name>.debug_line</name>
         <load_address>0x36e</load_address>
         <run_address>0x36e</run_address>
         <size>0x88</size>
         <input_file_ref idref="fl-139"/>
      </object_component>
      <object_component id="oc-44">
         <name>.debug_line</name>
         <load_address>0x3f6</load_address>
         <run_address>0x3f6</run_address>
         <size>0x3a</size>
         <input_file_ref idref="fl-132"/>
      </object_component>
      <object_component id="oc-4b">
         <name>.debug_line</name>
         <load_address>0x430</load_address>
         <run_address>0x430</run_address>
         <size>0x34</size>
         <input_file_ref idref="fl-134"/>
      </object_component>
      <object_component id="oc-53">
         <name>.debug_line</name>
         <load_address>0x464</load_address>
         <run_address>0x464</run_address>
         <size>0x8c</size>
         <input_file_ref idref="fl-133"/>
      </object_component>
      <object_component id="oc-58">
         <name>.debug_line</name>
         <load_address>0x4f0</load_address>
         <run_address>0x4f0</run_address>
         <size>0x39</size>
         <input_file_ref idref="fl-133"/>
      </object_component>
      <object_component id="oc-5d">
         <name>.debug_line</name>
         <load_address>0x529</load_address>
         <run_address>0x529</run_address>
         <size>0x41</size>
         <input_file_ref idref="fl-2"/>
      </object_component>
      <object_component id="oc-60">
         <name>.debug_line</name>
         <load_address>0x56a</load_address>
         <run_address>0x56a</run_address>
         <size>0x59</size>
         <input_file_ref idref="fl-2"/>
      </object_component>
      <object_component id="oc-67">
         <name>.debug_line</name>
         <load_address>0x5c3</load_address>
         <run_address>0x5c3</run_address>
         <size>0x6d</size>
         <input_file_ref idref="fl-13f"/>
      </object_component>
      <object_component id="oc-6c">
         <name>.debug_line</name>
         <load_address>0x630</load_address>
         <run_address>0x630</run_address>
         <size>0x3bd</size>
         <input_file_ref idref="fl-3"/>
      </object_component>
      <object_component id="oc-71">
         <name>.debug_line</name>
         <load_address>0x9ed</load_address>
         <run_address>0x9ed</run_address>
         <size>0x20</size>
         <input_file_ref idref="fl-2"/>
      </object_component>
      <object_component id="oc-7c">
         <name>.debug_line</name>
         <load_address>0xa0d</load_address>
         <run_address>0xa0d</run_address>
         <size>0x33</size>
         <input_file_ref idref="fl-13a"/>
      </object_component>
      <object_component id="oc-80">
         <name>.debug_line</name>
         <load_address>0xa40</load_address>
         <run_address>0xa40</run_address>
         <size>0x44</size>
         <input_file_ref idref="fl-132"/>
      </object_component>
      <object_component id="oc-84">
         <name>.debug_line</name>
         <load_address>0xa84</load_address>
         <run_address>0xa84</run_address>
         <size>0x20</size>
         <input_file_ref idref="fl-132"/>
      </object_component>
      <object_component id="oc-87">
         <name>.debug_line</name>
         <load_address>0xaa4</load_address>
         <run_address>0xaa4</run_address>
         <size>0x59</size>
         <input_file_ref idref="fl-3"/>
      </object_component>
      <object_component id="oc-8b">
         <name>.debug_line</name>
         <load_address>0xafd</load_address>
         <run_address>0xafd</run_address>
         <size>0x20</size>
         <input_file_ref idref="fl-134"/>
      </object_component>
      <object_component id="oc-8e">
         <name>.debug_line</name>
         <load_address>0xb1d</load_address>
         <run_address>0xb1d</run_address>
         <size>0x20</size>
         <input_file_ref idref="fl-133"/>
      </object_component>
      <object_component id="oc-92">
         <name>.debug_line</name>
         <load_address>0xb3d</load_address>
         <run_address>0xb3d</run_address>
         <size>0xee</size>
         <input_file_ref idref="fl-143"/>
      </object_component>
      <object_component id="oc-98">
         <name>.debug_line</name>
         <load_address>0xc2b</load_address>
         <run_address>0xc2b</run_address>
         <size>0x94</size>
         <input_file_ref idref="fl-143"/>
      </object_component>
      <object_component id="oc-9f">
         <name>.debug_line</name>
         <load_address>0xcbf</load_address>
         <run_address>0xcbf</run_address>
         <size>0xa7</size>
         <input_file_ref idref="fl-141"/>
      </object_component>
      <object_component id="oc-a4">
         <name>.debug_line</name>
         <load_address>0xd66</load_address>
         <run_address>0xd66</run_address>
         <size>0x93</size>
         <input_file_ref idref="fl-141"/>
      </object_component>
      <object_component id="oc-a9">
         <name>.debug_line</name>
         <load_address>0xdf9</load_address>
         <run_address>0xdf9</run_address>
         <size>0x99</size>
         <input_file_ref idref="fl-141"/>
      </object_component>
      <object_component id="oc-ac">
         <name>.debug_line</name>
         <load_address>0xe92</load_address>
         <run_address>0xe92</run_address>
         <size>0x11a</size>
         <input_file_ref idref="fl-143"/>
      </object_component>
      <object_component id="oc-b2">
         <name>.debug_line</name>
         <load_address>0xfac</load_address>
         <run_address>0xfac</run_address>
         <size>0xb3</size>
         <input_file_ref idref="fl-145"/>
      </object_component>
      <object_component id="oc-b7">
         <name>.debug_line</name>
         <load_address>0x105f</load_address>
         <run_address>0x105f</run_address>
         <size>0x99</size>
         <input_file_ref idref="fl-145"/>
      </object_component>
      <object_component id="oc-be">
         <name>.debug_line</name>
         <load_address>0x10f8</load_address>
         <run_address>0x10f8</run_address>
         <size>0x97</size>
         <input_file_ref idref="fl-142"/>
      </object_component>
      <object_component id="oc-c3">
         <name>.debug_line</name>
         <load_address>0x118f</load_address>
         <run_address>0x118f</run_address>
         <size>0xc2</size>
         <input_file_ref idref="fl-142"/>
      </object_component>
      <object_component id="oc-c6">
         <name>.debug_line</name>
         <load_address>0x1251</load_address>
         <run_address>0x1251</run_address>
         <size>0x92</size>
         <input_file_ref idref="fl-145"/>
      </object_component>
      <object_component id="oc-cb">
         <name>.debug_line</name>
         <load_address>0x12e3</load_address>
         <run_address>0x12e3</run_address>
         <size>0x92</size>
         <input_file_ref idref="fl-145"/>
      </object_component>
      <object_component id="oc-d0">
         <name>.debug_line</name>
         <load_address>0x1375</load_address>
         <run_address>0x1375</run_address>
         <size>0x92</size>
         <input_file_ref idref="fl-145"/>
      </object_component>
      <object_component id="oc-d5">
         <name>.debug_line</name>
         <load_address>0x1407</load_address>
         <run_address>0x1407</run_address>
         <size>0x92</size>
[...]
            </allocated_space>
            <allocated_space>
               <start_address>0x1f88</start_address>
               <size>0x48</size>
               <logical_group_ref idref="lg-6"/>
            </allocated_space>
            <available_space>
               <start_address>0x1fd0</start_address>
               <size>0x3e030</size>
            </available_space>
         </usage_details>
      </memory_area>
      <memory_area display="yes" color="green">
         <name>SRAM</name>
         <page_id>0x0</page_id>
         <origin>0x20000000</origin>
         <length>0x8000</length>
         <used_space>0x4b0</used_space>
         <unused_space>0x7b50</unused_space>
         <attributes>RWX</attributes>
         <usage_details>
            <allocated_space>
               <start_address>0x20000000</start_address>
               <size>0x26c</size>
               <logical_group_ref idref="lg-9"/>
            </allocated_space>
            <allocated_space>
               <start_address>0x2000026c</start_address>
               <size>0x200</size>
               <logical_group_ref idref="lg-d"/>
            </allocated_space>
            <allocated_space>
               <start_address>0x2000046c</start_address>
               <size>0x28</size>
               <logical_group_ref idref="lg-a"/>
            </allocated_space>
            <allocated_space>
               <start_address>0x20000494</start_address>
               <size>0x1c</size>
               <logical_group_ref idref="lg-b"/>
            </allocated_space>
            <available_space>
               <start_address>0x200004b0</start_address>
               <size>0x7b50</size>
            </available_space>
         </usage_details>
      </memory_area>
   </placement_map>
   <cptbl_list>
      <cptbl>
         <name>__TI_cinit_table</name>
         <cprec>
            <name>.data</name>
            <load_address>0x1f88</load_address>
            <load_size>0x12</load_size>
            <run_address>0x2000046c</run_address>
            <run_size>0x28</run_size>
            <compression>rle</compression>
         </cprec>
         <cprec>
            <name>.bss</name>
            <load_address>0x1fa8</load_address>
            <load_size>0x8</load_size>
            <run_address>0x20000494</run_address>
            <run_size>0x1c</run_size>
            <compression>zero_init</compression>
         </cprec>
         <cprec>
            <name>.vtable</name>
            <load_address>0x1fb0</load_address>
            <load_size>0x8</load_size>
            <run_address>0x20000000</run_address>
            <run_size>0x26c</run_size>
            <compression>zero_init</compression>
         </cprec>
      </cptbl>
   </cptbl_list>
   <handler_table>
      <handler_table_name>__TI_handler_table</handler_table_name>
      <handler>
         <index>0x0</index>
         <name>__TI_zero_init</name>
      </handler>
      <handler>
         <index>0x1</index>
         <name>__TI_decompress_rle24</name>
      </handler>
      <handler>
         <index>0x2</index>
         <name>__TI_decompress_none</name>
      </handler>
   </handler_table>
   <symbol_table>
      <symbol id="sm-1">
         <name>__STACK_TOP</name>
         <value>0x2000046c</value>
      </symbol>
      <symbol id="sm-2">
         <name>__TI_CINIT_Base</name>
         <value>0x1fb8</value>
      </symbol>
      <symbol id="sm-3">
         <name>__TI_CINIT_Limit</name>
         <value>0x1fd0</value>
      </symbol>
      <symbol id="sm-4">
         <name>__TI_Handler_Table_Base</name>
         <value>0x1f9c</value>
      </symbol>
      <symbol id="sm-5">
         <name>__TI_Handler_Table_Limit</name>
         <value>0x1fa8</value>
      </symbol>
      <symbol id="sm-6">
         <name>binit</name>
         <value>0xffffffff</value>
      </symbol>
      <symbol id="sm-7">
         <name>__binit__</name>
         <value>0xffffffff</value>
      </symbol>
      <symbol id="sm-8">
         <name>__STACK_SIZE</name>
         <value>0x200</value>
      </symbol>
      <symbol id="sm-9">
         <name>__STACK_END</name>
         <value>0x2000046c</value>
      </symbol>
      <symbol id="sm-a">
         <name>__c_args__</name>
         <value>0xffffffff</value>
      </symbol>
      <symbol id="sm-40">
         <name>ResetISR</name>
         <value>0x1ca3</value>
         <object_component_ref idref="oc-24"/>
      </symbol>
      <symbol id="sm-41">
         <name>g_pfnVectors</name>
         <value>0x0</value>
         <object_component_ref idref="oc-e"/>
      </symbol>
      <symbol id="sm-db">
         <name>bas</name>
         <value>0x200004a8</value>
      </symbol>
      <symbol id="sm-dc">
         <name>Portsaat</name>
         <value>0x20000494</value>
      </symbol>
      <symbol id="sm-dd">
         <name>has_lcd_write</name>
         <value>0xba3</value>
         <object_component_ref idref="oc-69"/>
      </symbol>
      <symbol id="sm-de">
         <name>has_lcd_chronometre_Temp</name>
         <value>0x775</value>
         <object_component_ref idref="oc-69"/>
      </symbol>
      <symbol id="sm-df">
         <name>serikesme</name>
         <value>0x2ef</value>
         <object_component_ref idref="oc-69"/>
      </symbol>
      <symbol id="sm-e0">
         <name>has_lcd_switchwrite</name>
         <value>0xaa1</value>
         <object_component_ref idref="oc-69"/>
      </symbol>
      <symbol id="sm-e1">
         <name>INTTempSERI</name>
         <value>0x5c5</value>
         <object_component_ref idref="oc-69"/>
      </symbol>
      <symbol id="sm-e2">
         <name>has_lcd_sendcommand</name>
         <value>0xc71</value>
         <object_component_ref idref="oc-69"/>
      </symbol>
      <symbol id="sm-e3">
         <name>INT_chrono_Temp</name>
         <value>0x885</value>
         <object_component_ref idref="oc-69"/>
      </symbol>
      <symbol id="sm-e4">
         <name>da_sa</name>
         <value>0x20000474</value>
         <object_component_ref idref="oc-121"/>
      </symbol>
      <symbol id="sm-e5">
         <name>Timer0K</name>
         <value>0x491</value>
         <object_component_ref idref="oc-69"/>
      </symbol>
      <symbol id="sm-e6">
         <name>has_lcd_sendchar</name>
         <value>0xbdd</value>
         <object_component_ref idref="oc-69"/>
      </symbol>
      <symbol id="sm-e7">
         <name>main</name>
         <value>0x26d</value>
         <object_component_ref idref="oc-69"/>
      </symbol>
      <symbol id="sm-e8">
         <name>sayac</name>
         <value>0x2000046c</value>
         <object_component_ref idref="oc-121"/>
      </symbol>
      <symbol id="sm-e9">
         <name>has_lcd_4bitsetup</name>
         <value>0xd5d</value>
         <object_component_ref idref="oc-69"/>
      </symbol>
      <symbol id="sm-ea">
         <name>saat</name>
         <value>0x20000470</value>
         <object_component_ref idref="oc-121"/>
      </symbol>
      <symbol id="sm-eb">
         <name>has_Temp_SerialPort</name>
         <value>0x6b5</value>
         <object_component_ref idref="oc-69"/>
      </symbol>
      <symbol id="sm-ec">
         <name>dakika</name>
         <value>0x20000478</value>
         <object_component_ref idref="oc-121"/>
      </symbol>
      <symbol id="sm-ed">
         <name>has_serialPort_Clock_and_string_write</name>
         <value>0x285</value>
         <object_component_ref idref="oc-69"/>
      </symbol>
      <symbol id="sm-ee">
         <name>saniye</name>
         <value>0x2000047c</value>
         <object_component_ref idref="oc-121"/>
      </symbol>
      <symbol id="sm-ef">
         <name>has_lcd_position</name>
         <value>0xd09</value>
         <object_component_ref idref="oc-69"/>
      </symbol>
      <symbol id="sm-f0">
         <name>has_lcd_erase</name>
         <value>0xb91</value>
         <object_component_ref idref="oc-69"/>
      </symbol>
      <symbol id="sm-f1">
         <name>has_lcd_chronometer</name>
         <value>0x3d1</value>
         <object_component_ref idref="oc-69"/>
      </symbol>
      <symbol id="sm-100">
         <name>_c_int00</name>
         <value>0x18c5</value>
         <object_component_ref idref="oc-10"/>
      </symbol>
      <symbol id="sm-101">
         <name>__stack</name>
         <value>0x2000026c</value>
         <object_component_ref idref="oc-23"/>
      </symbol>
      <symbol id="sm-117">
         <name>__TI_decompress_none</name>
         <value>0x1c89</value>
         <object_component_ref idref="oc-14"/>
      </symbol>
      <symbol id="sm-139">
         <name>__TI_decompress_rle24</name>
         <value>0x1cef</value>
         <object_component_ref idref="oc-1e"/>
      </symbol>
      <symbol id="sm-14c">
         <name>__TI_zero_init</name>
         <value>0x1c11</value>
         <object_component_ref idref="oc-19"/>
      </symbol>
      <symbol id="sm-168">
         <name>C$$EXIT</name>
         <value>0x1999</value>
         <object_component_ref idref="oc-35"/>
      </symbol>
      <symbol id="sm-169">
         <name>abort</name>
         <value>0x199d</value>
         <object_component_ref idref="oc-35"/>
      </symbol>
      <symbol id="sm-16a">
         <name>exit</name>
         <value>0x19a5</value>
         <object_component_ref idref="oc-35"/>
      </symbol>
      <symbol id="sm-16b">
         <name>__TI_dtors_ptr</name>
         <value>0x2000048c</value>
         <object_component_ref idref="oc-77"/>
      </symbol>
      <symbol id="sm-16c">
         <name>__TI_cleanup_ptr</name>
         <value>0x20000488</value>
         <object_component_ref idref="oc-77"/>
      </symbol>
      <symbol id="sm-17f">
         <name>__aeabi_ddiv</name>
         <value>0xe61</value>
         <object_component_ref idref="oc-10f"/>
      </symbol>
      <symbol id="sm-189">
         <name>__aeabi_dmul</name>
         <value>0x11d9</value>
         <object_component_ref idref="oc-10b"/>
      </symbol>
      <symbol id="sm-192">
         <name>__aeabi_d2f</name>
         <value>0x1831</value>
         <object_component_ref idref="oc-113"/>
      </symbol>
      <symbol id="sm-1ac">
         <name>memcpy</name>
         <value>0x13c9</value>
         <object_component_ref idref="oc-3d"/>
      </symbol>
      <symbol id="sm-1ad">
         <name>__aeabi_memcpy</name>
         <value>0x13c9</value>
         <object_component_ref idref="oc-3d"/>
      </symbol>
      <symbol id="sm-1ae">
         <name>__aeabi_memcpy8</name>
         <value>0x13c9</value>
         <object_component_ref idref="oc-3d"/>
      </symbol>
      <symbol id="sm-1af">
         <name>__aeabi_memcpy4</name>
         <value>0x13c9</value>
         <object_component_ref idref="oc-3d"/>
      </symbol>
      <symbol id="sm-1b6">
         <name>main_func_sp</name>
         <value>0x20000490</value>
         <object_component_ref idref="oc-3a"/>
      </symbol>
      <symbol id="sm-1bf">
         <name>__aeabi_ui2d</name>
         <value>0x1ad1</value>
         <object_component_ref idref="oc-107"/>
      </symbol>
      <symbol id="sm-1d5">
         <name>_nop</name>
         <value>0x1bc3</value>
         <object_component_ref idref="oc-178"/>
      </symbol>
      <symbol id="sm-1d6">
         <name>_lock</name>
         <value>0x20000480</value>
         <object_component_ref idref="oc-75"/>
      </symbol>
      <symbol id="sm-1d7">
         <name>_unlock</name>
         <value>0x20000484</value>
         <object_component_ref idref="oc-75"/>
      </symbol>
      <symbol id="sm-1d8">
         <name>_register_lock</name>
         <value>0x1bbb</value>
         <object_component_ref idref="oc-178"/>
      </symbol>
      <symbol id="sm-1d9">
         <name>_register_unlock</name>
         <value>0x1bb5</value>
         <object_component_ref idref="oc-178"/>
      </symbol>
      <symbol id="sm-1ec">
         <name>_args_main</name>
         <value>0x1b89</value>
         <object_component_ref idref="oc-30"/>
      </symbol>
      <symbol id="sm-208">
         <name>__TI_auto_init</name>
         <value>0x1465</value>
         <object_component_ref idref="oc-2c"/>
      </symbol>
      <symbol id="sm-220">
         <name>copy_in</name>
         <value>0x1955</value>
         <object_component_ref idref="oc-63"/>
      </symbol>
      <symbol id="sm-281">
         <name>ADCProcessorTrigger</name>
         <value>0x1b27</value>
         <object_component_ref idref="oc-11c"/>
      </symbol>
      <symbol id="sm-282">
         <name>ADCSequenceEnable</name>
         <value>0x1c51</value>
         <object_component_ref idref="oc-146"/>
      </symbol>
      <symbol id="sm-283">
         <name>ADCSequenceConfigure</name>
         <value>0x16f5</value>
         <object_component_ref idref="oc-12d"/>
      </symbol>
      <symbol id="sm-284">
         <name>ADCIntEnable</name>
         <value>0x1c23</value>
         <object_component_ref idref="oc-141"/>
      </symbol>
      <symbol id="sm-285">
         <name>ADCSequenceStepConfigure</name>
         <value>0x14f9</value>
         <object_component_ref idref="oc-132"/>
      </symbol>
      <symbol id="sm-286">
         <name>ADCIntClear</name>
         <value>0x1caf</value>
         <object_component_ref idref="oc-fd"/>
      </symbol>
      <symbol id="sm-287">
         <name>ADCIntRegister</name>
         <value>0x1b0f</value>
         <object_component_ref idref="oc-13c"/>
      </symbol>
      <symbol id="sm-288">
         <name>ADCSequenceDisable</name>
         <value>0x1c43</value>
         <object_component_ref idref="oc-128"/>
      </symbol>
      <symbol id="sm-289">
         <name>ADCSequenceDataGet</name>
         <value>0x1af1</value>
         <object_component_ref idref="oc-102"/>
      </symbol>
      <symbol id="sm-2d9">
         <name>GPIOPinConfigure</name>
         <value>0x187d</value>
         <object_component_ref idref="oc-9c"/>
      </symbol>
      <symbol id="sm-2da">
         <name>GPIOPinTypeADC</name>
         <value>0x1bc9</value>
         <object_component_ref idref="oc-137"/>
      </symbol>
      <symbol id="sm-2db">
         <name>GPIOPinTypeGPIOInput</name>
         <value>0x1bdb</value>
         <object_component_ref idref="oc-156"/>
      </symbol>
      <symbol id="sm-2dc">
         <name>GPIOPinTypeUART</name>
         <value>0x1bed</value>
         <object_component_ref idref="oc-a1"/>
      </symbol>
      <symbol id="sm-2dd">
         <name>GPIOPinTypeGPIOOutput</name>
         <value>0x1b3f</value>
         <object_component_ref idref="oc-a6"/>
      </symbol>
      <symbol id="sm-2de">
         <name>GPIOPinRead</name>
         <value>0x1cdd</value>
         <object_component_ref idref="oc-160"/>
      </symbol>
      <symbol id="sm-2df">
         <name>GPIODirModeSet</name>
         <value>0x1a85</value>
         <object_component_ref idref="oc-192"/>
      </symbol>
      <symbol id="sm-2e0">
         <name>GPIOPinWrite</name>
         <value>0x1ce3</value>
         <object_component_ref idref="oc-165"/>
      </symbol>
      <symbol id="sm-2e1">
         <name>GPIOPadConfigSet</name>
         <value>0xf97</value>
         <object_component_ref idref="oc-15b"/>
      </symbol>
      <symbol id="sm-31e">
         <name>IntEnable</name>
         <value>0x1575</value>
         <object_component_ref idref="oc-bf"/>
      </symbol>
      <symbol id="sm-31f">
         <name>IntRegister</name>
         <value>0x1a1d</value>
         <object_component_ref idref="oc-1ad"/>
      </symbol>
      <symbol id="sm-320">
         <name>g_pfnRAMVectors</name>
         <value>0x20000000</value>
         <object_component_ref idref="oc-211"/>
      </symbol>
      <symbol id="sm-321">
         <name>IntMasterEnable</name>
         <value>0x1c33</value>
         <object_component_ref idref="oc-ba"/>
      </symbol>
      <symbol id="sm-37a">
         <name>SysCtlClockSet</name>
         <value>0x12d5</value>
         <object_component_ref idref="oc-91"/>
      </symbol>
      <symbol id="sm-37b">
         <name>SysCtlDelay</name>
         <value>0x1ce9</value>
         <object_component_ref idref="oc-96"/>
      </symbol>
      <symbol id="sm-37c">
         <name>SysCtlPeripheralEnable</name>
         <value>0x1a51</value>
         <object_component_ref idref="oc-97"/>
      </symbol>
      <symbol id="sm-37d">
         <name>SysCtlClockGet</name>
         <value>0x10c9</value>
         <object_component_ref idref="oc-ab"/>
      </symbol>
      <symbol id="sm-37e">
         <name>SysCtlPeripheralReset</name>
         <value>0x1745</value>
         <object_component_ref idref="oc-123"/>
      </symbol>
      <symbol id="sm-3de">
         <name>TimerLoadSet</name>
         <value>0x1bff</value>
         <object_component_ref idref="oc-e2"/>
      </symbol>
      <symbol id="sm-3df">
         <name>TimerIntRegister</name>
         <value>0x1b57</value>
         <object_component_ref idref="oc-e7"/>
      </symbol>
      <symbol id="sm-3e0">
         <name>TimerEnable</name>
         <value>0x1c5f</value>
         <object_component_ref idref="oc-f1"/>
      </symbol>
      <symbol id="sm-3e1">
         <name>TimerControlTrigger</name>
         <value>0x169d</value>
         <object_component_ref idref="oc-14e"/>
      </symbol>
      <symbol id="sm-3e2">
         <name>TimerIntEnable</name>
         <value>0x1ccd</value>
         <object_component_ref idref="oc-ec"/>
      </symbol>
      <symbol id="sm-3e3">
         <name>TimerConfigure</name>
         <value>0x15dd</value>
         <object_component_ref idref="oc-dd"/>
      </symbol>
      <symbol id="sm-3e4">
         <name>TimerIntClear</name>
         <value>0x1cf5</value>
         <object_component_ref idref="oc-f6"/>
      </symbol>
      <symbol id="sm-450">
         <name>UARTConfigSetExpClk</name>
         <value>0x190d</value>
         <object_component_ref idref="oc-b0"/>
      </symbol>
      <symbol id="sm-451">
         <name>UARTDisable</name>
         <value>0x1ab1</value>
         <object_component_ref idref="oc-19c"/>
      </symbol>
      <symbol id="sm-452">
         <name>UARTIntEnable</name>
         <value>0x1cd5</value>
         <object_component_ref idref="oc-c4"/>
      </symbol>
      <symbol id="sm-453">
         <name>UARTCharsAvail</name>
         <value>0x1c7b</value>
         <object_component_ref idref="oc-d3"/>
      </symbol>
      <symbol id="sm-454">
         <name>UARTCharGetNonBlocking</name>
         <value>0x1c6d</value>
         <object_component_ref idref="oc-ce"/>
      </symbol>
      <symbol id="sm-455">
         <name>UARTCharPut</name>
         <value>0x1cb9</value>
         <object_component_ref idref="oc-117"/>
      </symbol>
      <symbol id="sm-456">
         <name>UARTEnable</name>
         <value>0x1ba1</value>
         <object_component_ref idref="oc-1a1"/>
      </symbol>
      <symbol id="sm-457">
         <name>UARTIntClear</name>
         <value>0x1cf9</value>
         <object_component_ref idref="oc-d8"/>
      </symbol>
      <symbol id="sm-458">
         <name>UARTIntStatus</name>
         <value>0x1cc3</value>
         <object_component_ref idref="oc-c9"/>
      </symbol>
      <symbol id="sm-459">
         <name>UARTIntRegister</name>
         <value>0x1b6f</value>
         <object_component_ref idref="oc-b5"/>
      </symbol>
      <symbol id="sm-462">
         <name>CPUcpsie</name>
         <value>0x1c97</value>
         <object_component_ref idref="oc-1b3"/>
      </symbol>
      <symbol id="sm-463">
         <name>__TI_static_base__</name>
         <value>0x0</value>
      </symbol>
      <symbol id="sm-464">
         <name>__TI_args_main</name>
         <value>0x1</value>
      </symbol>
      <symbol id="sm-465">
         <name>SHT$$INIT_ARRAY$$Limit</name>
         <value>0x0</value>
      </symbol>
      <symbol id="sm-466">
         <name>SHT$$INIT_ARRAY$$Base</name>
         <value>0x0</value>
      </symbol>
   </symbol_table>
   <title>Link successful</title>
</link_info>
