******************************************************************************
                  TI ARM Linker PC v5.1.5                      
******************************************************************************
>> Linked Thu Nov 16 22:58:39 2017

OUTPUT FILE NAME:   <lcd.out>
ENTRY POINT SYMBOL: "_c_int00"  address: 00000a11


MEMORY CONFIGURATION

         name            origin    length      used     unused   attr    fill
----------------------  --------  ---------  --------  --------  ----  --------
  FLASH                 00000000   00040000  00000be8  0003f418  R  X
  SRAM                  20000000   00008000  00000214  00007dec  RW X


SEGMENT ALLOCATION MAP

run origin  load origin   length   init length attrs members
----------  ----------- ---------- ----------- ----- -------
00000000    00000000    00000be8   00000be8    r-x
  00000000    00000000    0000026c   0000026c    r-- .intvecs
  0000026c    0000026c    0000095c   0000095c    r-x .text
  00000bc8    00000bc8    00000020   00000020    r-- .cinit
20000000    20000000    00000214   00000000    rw-
  20000000    20000000    00000200   00000000    rw- .stack
  20000200    20000200    00000014   00000000    rw- .data


SECTION ALLOCATION MAP

 output                                  attributes/
section   page    origin      length       input sections
--------  ----  ----------  ----------   ----------------
.intvecs   0    00000000    0000026c     
                  00000000    0000026c     tm4c123gh6pm_startup_ccs.obj (.intvecs)

.init_array 
*          0    00000000    00000000     UNINITIALIZED

.text      0    0000026c    0000095c     
                  0000026c    000003ec     lcd.obj (.text)
                  00000658    00000132     driverlib.lib : gpio.obj (.text:GPIOPadConfigSet)
                  0000078a    00000002     --HOLE-- [fill = 0]
                  0000078c    000000f4                   : sysctl.obj (.text:SysCtlClockSet)
                  00000880    0000009c     rtsv7M4_T_le_v4SPD16_eabi.lib : memcpy_t2.obj (.text)
                  0000091c    00000094                                   : auto_init.obj (.text)
                  000009b0    0000005e                                   : copy_decompress_rle.obj (.text)
                  00000a0e    00000002     --HOLE-- [fill = 0]
                  00000a10    00000048                                   : boot.obj (.text)
                  00000a58    00000044                                   : cpy_tbl.obj (.text)
                  00000a9c    00000044                                   : exit.obj (.text)
                  00000ae0    00000034     driverlib.lib : sysctl.obj (.text:SysCtlPeripheralEnable)
                  00000b14    0000002a                   : gpio.obj (.text:GPIODirModeSet)
                  00000b3e    00000018                   : gpio.obj (.text:GPIOPinTypeGPIOOutput)
                  00000b56    00000002     --HOLE-- [fill = 0]
                  00000b58    00000018     rtsv7M4_T_le_v4SPD16_eabi.lib : args_main.obj (.text)
                  00000b70    00000014                                   : _lock.obj (.text)
                  00000b84    00000012     driverlib.lib : gpio.obj (.text:GPIOPinTypeGPIOInput)
                  00000b96    0000000e     rtsv7M4_T_le_v4SPD16_eabi.lib : copy_decompress_none.obj (.text:decompress:none)
                  00000ba4    0000000c     tm4c123gh6pm_startup_ccs.obj (.text)
                  00000bb0    00000006     driverlib.lib : gpio.obj (.text:GPIOPinRead)
                  00000bb6    00000006                   : gpio.obj (.text:GPIOPinWrite)
                  00000bbc    00000006                   : sysctl.obj (.text:SysCtlDelay)
                  00000bc2    00000006     rtsv7M4_T_le_v4SPD16_eabi.lib : copy_decompress_rle.obj (.text:decompress:rle24)

.cinit     0    00000bc8    00000020     
                  00000bc8    0000000f     (.cinit..data.load) [load image, compression = rle]
                  00000bd7    00000001     --HOLE-- [fill = 0]
                  00000bd8    00000008     (__TI_handler_table)
                  00000be0    00000008     (__TI_cinit_table)

.stack     0    20000000    00000200     UNINITIALIZED
                  20000000    00000200     --HOLE--

.data      0    20000200    00000014     UNINITIALIZED
                  20000200    00000008     rtsv7M4_T_le_v4SPD16_eabi.lib : _lock.obj (.data)
                  20000208    00000008                                   : exit.obj (.data)
                  20000210    00000004                                   : stkdepth_vars.obj (.data)


LINKER GENERATED COPY TABLES

__TI_cinit_table @ 00000be0 records: 1, size/record: 8, table size: 8
	.data: load addr=00000bc8, load size=0000000f bytes, run addr=20000200, run size=00000014 bytes, compression=rle


LINKER GENERATED HANDLER TABLE

__TI_handler_table @ 00000bd8 records: 2, size/record: 4, table size: 8
	index: 0, handler: __TI_decompress_rle24
	index: 1, handler: __TI_decompress_none


GLOBAL SYMBOLS: SORTED ALPHABETICALLY BY Name 

address    name
--------   ----
00000a9d   C$$EXIT
00000b15   GPIODirModeSet
00000659   GPIOPadConfigSet
00000bb1   GPIOPinRead
00000b85   GPIOPinTypeGPIOInput
00000b3f   GPIOPinTypeGPIOOutput
00000bb7   GPIOPinWrite
00000ba5   ResetISR
UNDEFED    SHT$$INIT_ARRAY$$Base
UNDEFED    SHT$$INIT_ARRAY$$Limit
0000078d   SysCtlClockSet
00000bbd   SysCtlDelay
00000ae1   SysCtlPeripheralEnable
20000200   __STACK_END
00000200   __STACK_SIZE
20000200   __STACK_TOP
00000be0   __TI_CINIT_Base
00000be8   __TI_CINIT_Limit
00000bd8   __TI_Handler_Table_Base
00000be0   __TI_Handler_Table_Limit
00000001   __TI_args_main
0000091d   __TI_auto_init
20000208   __TI_cleanup_ptr
00000b97   __TI_decompress_none
00000bc3   __TI_decompress_rle24
2000020c   __TI_dtors_ptr
00000000   __TI_static_base__
00000881   __aeabi_memcpy
00000881   __aeabi_memcpy4
00000881   __aeabi_memcpy8
ffffffff   __binit__
ffffffff   __c_args__
20000000   __stack
00000b59   _args_main
00000a11   _c_int00
20000200   _lock
00000b7f   _nop
00000b77   _register_lock
00000b71   _register_unlock
20000204   _unlock
00000aa1   abort
ffffffff   binit
00000a59   copy_in
00000aa9   exit
00000000   g_pfnVectors
0000055d   has_lcd_4bitsetup
00000391   has_lcd_erase
000004e9   has_lcd_position
000003dd   has_lcd_sendchar
00000463   has_lcd_sendcommand
000002a1   has_lcd_switchwrite
000003a3   has_lcd_write
0000026d   main
20000210   main_func_sp
00000881   memcpy


GLOBAL SYMBOLS: SORTED BY Symbol Address 

address    name
--------   ----
00000000   __TI_static_base__
00000000   g_pfnVectors
00000001   __TI_args_main
00000200   __STACK_SIZE
0000026d   main
000002a1   has_lcd_switchwrite
00000391   has_lcd_erase
000003a3   has_lcd_write
000003dd   has_lcd_sendchar
00000463   has_lcd_sendcommand
000004e9   has_lcd_position
0000055d   has_lcd_4bitsetup
00000659   GPIOPadConfigSet
0000078d   SysCtlClockSet
00000881   __aeabi_memcpy
00000881   __aeabi_memcpy4
00000881   __aeabi_memcpy8
00000881   memcpy
0000091d   __TI_auto_init
00000a11   _c_int00
00000a59   copy_in
00000a9d   C$$EXIT
00000aa1   abort
00000aa9   exit
00000ae1   SysCtlPeripheralEnable
00000b15   GPIODirModeSet
00000b3f   GPIOPinTypeGPIOOutput
00000b59   _args_main
00000b71   _register_unlock
00000b77   _register_lock
00000b7f   _nop
00000b85   GPIOPinTypeGPIOInput
00000b97   __TI_decompress_none
00000ba5   ResetISR
00000bb1   GPIOPinRead
00000bb7   GPIOPinWrite
00000bbd   SysCtlDelay
00000bc3   __TI_decompress_rle24
00000bd8   __TI_Handler_Table_Base
00000be0   __TI_CINIT_Base
00000be0   __TI_Handler_Table_Limit
00000be8   __TI_CINIT_Limit
20000000   __stack
20000200   __STACK_END
20000200   __STACK_TOP
20000200   _lock
20000204   _unlock
20000208   __TI_cleanup_ptr
2000020c   __TI_dtors_ptr
20000210   main_func_sp
ffffffff   __binit__
ffffffff   __c_args__
ffffffff   binit
UNDEFED    SHT$$INIT_ARRAY$$Base
UNDEFED    SHT$$INIT_ARRAY$$Limit

[55 symbols]
