******************************************************************************
                  TI ARM Linker PC v5.1.5                      
******************************************************************************
>> Linked Mon Sep 24 22:45:53 2018

OUTPUT FILE NAME:   <Plotting temp.out>
ENTRY POINT SYMBOL: "_c_int00"  address: 00000e11


MEMORY CONFIGURATION

         name            origin    length      used     unused   attr    fill
----------------------  --------  ---------  --------  --------  ----  --------
  FLASH                 00000000   00040000  0000132c  0003ecd4  R  X
  SRAM                  20000000   00008000  00000481  00007b7f  RW X


SEGMENT ALLOCATION MAP

run origin  load origin   length   init length attrs members
----------  ----------- ---------- ----------- ----- -------
00000000    00000000    00001330   00001330    r-x
  00000000    00000000    0000026c   0000026c    r-- .intvecs
  0000026c    0000026c    00000f1c   00000f1c    r-x .text
  00001188    00001188    0000016c   0000016c    r-- .const
  000012f8    000012f8    00000038   00000038    r-- .cinit
20000000    20000000    00000481   00000000    rw-
  20000000    20000000    0000026c   00000000    rw- .vtable
  2000026c    2000026c    00000200   00000000    rw- .stack
  2000046c    2000046c    00000015   00000000    rw- .data


SECTION ALLOCATION MAP

 output                                  attributes/
section   page    origin      length       input sections
--------  ----  ----------  ----------   ----------------
.intvecs   0    00000000    0000026c     
                  00000000    0000026c     tm4c123gh6pm_startup_ccs.obj (.intvecs)

.init_array 
*          0    00000000    00000000     UNINITIALIZED

.text      0    0000026c    00000f1c     
                  0000026c    00000244     HasUARTTemp.obj (.text)
                  000004b0    00000136     rtsv7M4_T_le_v4SPD16_eabi.lib : fd_div_t2.obj (.text)
                  000005e6    00000132     driverlib.lib : gpio.obj (.text:GPIOPadConfigSet)
                  00000718    00000110                   : sysctl.obj (.text:SysCtlClockGet)
                  00000828    000000fc     rtsv7M4_T_le_v4SPD16_eabi.lib : fd_mul_t2.obj (.text)
                  00000924    000000f4     driverlib.lib : sysctl.obj (.text:SysCtlClockSet)
                  00000a18    0000009c     rtsv7M4_T_le_v4SPD16_eabi.lib : memcpy_t2.obj (.text)
                  00000ab4    00000094                                   : auto_init.obj (.text)
                  00000b48    0000007a     driverlib.lib : adc.obj (.text:ADCSequenceStepConfigure)
                  00000bc2    00000002     --HOLE-- [fill = 0]
                  00000bc4    00000068                   : interrupt.obj (.text:IntEnable)
                  00000c2c    0000005e     rtsv7M4_T_le_v4SPD16_eabi.lib : copy_decompress_rle.obj (.text)
                  00000c8a    00000050     driverlib.lib : adc.obj (.text:ADCSequenceConfigure)
                  00000cda    00000002     --HOLE-- [fill = 0]
                  00000cdc    00000050                   : sysctl.obj (.text:SysCtlPeripheralReset)
                  00000d2c    00000050                   : adc.obj (.text:_ADCIntNumberGet)
                  00000d7c    0000004a     rtsv7M4_T_le_v4SPD16_eabi.lib : fd_tos_t2.obj (.text)
                  00000dc6    00000002     --HOLE-- [fill = 0]
                  00000dc8    00000048     driverlib.lib : gpio.obj (.text:GPIOPinConfigure)
                  00000e10    00000048     rtsv7M4_T_le_v4SPD16_eabi.lib : boot.obj (.text)
                  00000e58    00000046     driverlib.lib : uart.obj (.text:UARTConfigSetExpClk)
                  00000e9e    00000002     --HOLE-- [fill = 0]
                  00000ea0    00000044     rtsv7M4_T_le_v4SPD16_eabi.lib : cpy_tbl.obj (.text)
                  00000ee4    00000044                                   : exit.obj (.text)
                  00000f28    00000034     driverlib.lib : interrupt.obj (.text:IntRegister)
                  00000f5c    00000034                   : sysctl.obj (.text:SysCtlPeripheralEnable)
                  00000f90    0000002a                   : gpio.obj (.text:GPIODirModeSet)
                  00000fba    00000002     --HOLE-- [fill = 0]
                  00000fbc    00000020                   : uart.obj (.text:UARTDisable)
                  00000fdc    00000020     rtsv7M4_T_le_v4SPD16_eabi.lib : u_tofd_t2.obj (.text)
                  00000ffc    0000001e     driverlib.lib : adc.obj (.text:ADCSequenceDataGet)
                  0000101a    00000018                   : adc.obj (.text:ADCIntRegister)
                  00001032    00000018                   : adc.obj (.text:ADCProcessorTrigger)
                  0000104a    00000018                   : gpio.obj (.text:GPIOPinTypeGPIOOutput)
                  00001062    00000002     --HOLE-- [fill = 0]
                  00001064    00000018     rtsv7M4_T_le_v4SPD16_eabi.lib : args_main.obj (.text)
                  0000107c    00000014     Plotting temp.obj (.text)
                  00001090    00000014     driverlib.lib : uart.obj (.text:UARTEnable)
                  000010a4    00000014     rtsv7M4_T_le_v4SPD16_eabi.lib : _lock.obj (.text)
                  000010b8    00000012     driverlib.lib : gpio.obj (.text:GPIOPinTypeADC)
                  000010ca    00000012                   : gpio.obj (.text:GPIOPinTypeUART)
                  000010dc    00000012     rtsv7M4_T_le_v4SPD16_eabi.lib : copy_zero_init.obj (.text:decompress:ZI)
                  000010ee    00000010     driverlib.lib : adc.obj (.text:ADCIntEnable)
                  000010fe    00000010                   : interrupt.obj (.text:IntMasterEnable)
                  0000110e    0000000e                   : adc.obj (.text:ADCSequenceDisable)
                  0000111c    0000000e                   : adc.obj (.text:ADCSequenceEnable)
                  0000112a    0000000e                   : uart.obj (.text:UARTCharsAvail)
                  00001138    0000000e     rtsv7M4_T_le_v4SPD16_eabi.lib : copy_decompress_none.obj (.text:decompress:none)
                  00001146    0000000c     driverlib.lib : cpu.obj (.text:CPUcpsie)
                  00001152    0000000c     tm4c123gh6pm_startup_ccs.obj (.text)
                  0000115e    0000000a     driverlib.lib : adc.obj (.text:ADCIntClear)
                  00001168    0000000a                   : uart.obj (.text:UARTCharGet)
                  00001172    0000000a                   : uart.obj (.text:UARTCharPut)
                  0000117c    00000006                   : sysctl.obj (.text:SysCtlDelay)
                  00001182    00000006     rtsv7M4_T_le_v4SPD16_eabi.lib : copy_decompress_rle.obj (.text:decompress:rle24)

.const     0    00001188    0000016c     
                  00001188    00000090     driverlib.lib : gpio.obj (.const:g_pui32GPIOBaseAddrs)
                  00001218    00000070                   : interrupt.obj (.const)
                  00001288    0000006c                   : sysctl.obj (.const:g_pui32Xtals)

.cinit     0    000012f8    00000038     
                  000012f8    00000010     (.cinit..data.load) [load image, compression = rle]
                  00001308    0000000c     (__TI_handler_table)
                  00001314    00000004     --HOLE-- [fill = 0]
                  00001318    00000008     (.cinit..vtable.load) [load image, compression = zero_init]
                  00001320    00000010     (__TI_cinit_table)

.vtable    0    20000000    0000026c     UNINITIALIZED
                  20000000    0000026c     driverlib.lib : interrupt.obj (.vtable)

.stack     0    2000026c    00000200     UNINITIALIZED
                  2000026c    00000200     --HOLE--

.data      0    2000046c    00000015     UNINITIALIZED
                  2000046c    00000008     rtsv7M4_T_le_v4SPD16_eabi.lib : _lock.obj (.data)
                  20000474    00000008                                   : exit.obj (.data)
                  2000047c    00000004                                   : stkdepth_vars.obj (.data)
                  20000480    00000001     HasUARTTemp.obj (.data)


LINKER GENERATED COPY TABLES

__TI_cinit_table @ 00001320 records: 2, size/record: 8, table size: 16
	.data: load addr=000012f8, load size=00000010 bytes, run addr=2000046c, run size=00000015 bytes, compression=rle
	.vtable: load addr=00001318, load size=00000008 bytes, run addr=20000000, run size=0000026c bytes, compression=zero_init


LINKER GENERATED HANDLER TABLE

__TI_handler_table @ 00001308 records: 3, size/record: 4, table size: 12
	index: 0, handler: __TI_zero_init
	index: 1, handler: __TI_decompress_rle24
	index: 2, handler: __TI_decompress_none


GLOBAL SYMBOLS: SORTED ALPHABETICALLY BY Name 

address    name
--------   ----
0000115f   ADCIntClear
000010ef   ADCIntEnable
0000101b   ADCIntRegister
00001033   ADCProcessorTrigger
00000c8b   ADCSequenceConfigure
00000ffd   ADCSequenceDataGet
0000110f   ADCSequenceDisable
0000111d   ADCSequenceEnable
00000b49   ADCSequenceStepConfigure
00000ee5   C$$EXIT
00001147   CPUcpsie
00000f91   GPIODirModeSet
000005e7   GPIOPadConfigSet
00000dc9   GPIOPinConfigure
000010b9   GPIOPinTypeADC
0000104b   GPIOPinTypeGPIOOutput
000010cb   GPIOPinTypeUART
0000033f   INTTemp
00000bc5   IntEnable
000010ff   IntMasterEnable
00000f29   IntRegister
00001153   ResetISR
UNDEFED    SHT$$INIT_ARRAY$$Base
UNDEFED    SHT$$INIT_ARRAY$$Limit
00000719   SysCtlClockGet
00000925   SysCtlClockSet
0000117d   SysCtlDelay
00000f5d   SysCtlPeripheralEnable
00000cdd   SysCtlPeripheralReset
00001169   UARTCharGet
00001173   UARTCharPut
0000112b   UARTCharsAvail
00000e59   UARTConfigSetExpClk
00000fbd   UARTDisable
00001091   UARTEnable
2000046c   __STACK_END
00000200   __STACK_SIZE
2000046c   __STACK_TOP
00001320   __TI_CINIT_Base
00001330   __TI_CINIT_Limit
00001308   __TI_Handler_Table_Base
00001314   __TI_Handler_Table_Limit
00000001   __TI_args_main
00000ab5   __TI_auto_init
20000474   __TI_cleanup_ptr
00001139   __TI_decompress_none
00001183   __TI_decompress_rle24
20000478   __TI_dtors_ptr
00000000   __TI_static_base__
000010dd   __TI_zero_init
00000d7d   __aeabi_d2f
000004b1   __aeabi_ddiv
00000829   __aeabi_dmul
00000a19   __aeabi_memcpy
00000a19   __aeabi_memcpy4
00000a19   __aeabi_memcpy8
00000fdd   __aeabi_ui2d
ffffffff   __binit__
ffffffff   __c_args__
2000026c   __stack
00001065   _args_main
00000e11   _c_int00
2000046c   _lock
000010b3   _nop
000010ab   _register_lock
000010a5   _register_unlock
20000470   _unlock
00000ee9   abort
ffffffff   binit
00000ea1   copy_in
20000480   delay
00000ef1   exit
20000000   g_pfnRAMVectors
00000000   g_pfnVectors
0000026d   has_TempConfig
0000107d   main
2000047c   main_func_sp
00000a19   memcpy


GLOBAL SYMBOLS: SORTED BY Symbol Address 

address    name
--------   ----
00000000   __TI_static_base__
00000000   g_pfnVectors
00000001   __TI_args_main
00000200   __STACK_SIZE
0000026d   has_TempConfig
0000033f   INTTemp
000004b1   __aeabi_ddiv
000005e7   GPIOPadConfigSet
00000719   SysCtlClockGet
00000829   __aeabi_dmul
00000925   SysCtlClockSet
00000a19   __aeabi_memcpy
00000a19   __aeabi_memcpy4
00000a19   __aeabi_memcpy8
00000a19   memcpy
00000ab5   __TI_auto_init
00000b49   ADCSequenceStepConfigure
00000bc5   IntEnable
00000c8b   ADCSequenceConfigure
00000cdd   SysCtlPeripheralReset
00000d7d   __aeabi_d2f
00000dc9   GPIOPinConfigure
00000e11   _c_int00
00000e59   UARTConfigSetExpClk
00000ea1   copy_in
00000ee5   C$$EXIT
00000ee9   abort
00000ef1   exit
00000f29   IntRegister
00000f5d   SysCtlPeripheralEnable
00000f91   GPIODirModeSet
00000fbd   UARTDisable
00000fdd   __aeabi_ui2d
00000ffd   ADCSequenceDataGet
0000101b   ADCIntRegister
00001033   ADCProcessorTrigger
0000104b   GPIOPinTypeGPIOOutput
00001065   _args_main
0000107d   main
00001091   UARTEnable
000010a5   _register_unlock
000010ab   _register_lock
000010b3   _nop
000010b9   GPIOPinTypeADC
000010cb   GPIOPinTypeUART
000010dd   __TI_zero_init
000010ef   ADCIntEnable
000010ff   IntMasterEnable
0000110f   ADCSequenceDisable
0000111d   ADCSequenceEnable
0000112b   UARTCharsAvail
00001139   __TI_decompress_none
00001147   CPUcpsie
00001153   ResetISR
0000115f   ADCIntClear
00001169   UARTCharGet
00001173   UARTCharPut
0000117d   SysCtlDelay
00001183   __TI_decompress_rle24
00001308   __TI_Handler_Table_Base
00001314   __TI_Handler_Table_Limit
00001320   __TI_CINIT_Base
00001330   __TI_CINIT_Limit
20000000   g_pfnRAMVectors
2000026c   __stack
2000046c   __STACK_END
2000046c   __STACK_TOP
2000046c   _lock
20000470   _unlock
20000474   __TI_cleanup_ptr
20000478   __TI_dtors_ptr
2000047c   main_func_sp
20000480   delay
ffffffff   __binit__
ffffffff   __c_args__
ffffffff   binit
UNDEFED    SHT$$INIT_ARRAY$$Base
UNDEFED    SHT$$INIT_ARRAY$$Limit

[78 symbols]
